Component: ARM Compiler 5.06 update 6 (build 750) Tool: armlink [4d35ed]

==============================================================================

Section Cross References

    blynk.o(i.Blynk_to_TM4C) refers to esp8266.o(i.ESP8266_GetMessage) for ESP8266_GetMessage
    blynk.o(i.Blynk_to_TM4C) refers to uart.o(i.UART_OutChar) for UART_OutChar
    blynk.o(i.Blynk_to_TM4C) refers to strtok.o(.text) for strtok
    blynk.o(i.Blynk_to_TM4C) refers to strcpy.o(.text) for strcpy
    blynk.o(i.Blynk_to_TM4C) refers to atoi.o(.text) for atoi
    blynk.o(i.Blynk_to_TM4C) refers to portf.o(i.PortF_Output) for PortF_Output
    blynk.o(i.Blynk_to_TM4C) refers to latch.o(i.OpenLatch) for OpenLatch
    blynk.o(i.Blynk_to_TM4C) refers to latch.o(i.CloseLatch) for CloseLatch
    blynk.o(i.Blynk_to_TM4C) refers to uart.o(i.UART_OutString) for UART_OutString
    blynk.o(i.Blynk_to_TM4C) refers to blynk.o(.bss) for serial_buf
    blynk.o(i.Blynk_to_TM4C) refers to blynk.o(.data) for Pin_Number
    blynk.o(i.SendInformation) refers to portf.o(i.PortF_Input) for PortF_Input
    blynk.o(i.SendInformation) refers to blynk.o(i.TM4C_to_Blynk) for TM4C_to_Blynk
    blynk.o(i.SendInformation) refers to uart.o(i.UART_OutString) for UART_OutString
    blynk.o(i.SendInformation) refers to blynk.o(.data) for LastF
    blynk.o(i.TM4C_to_Blynk) refers to esp8266.o(i.ESP8266_OutUDec) for ESP8266_OutUDec
    blynk.o(i.TM4C_to_Blynk) refers to esp8266.o(i.ESP8266_OutChar) for ESP8266_OutChar
    blynk.o(i.TM4C_to_Blynk) refers to esp8266.o(i.ESP8266_OutString) for ESP8266_OutString
    latch.o(i.CloseLatch) refers to pwm.o(i.PWM0A_Duty) for PWM0A_Duty
    latch.o(i.CloseLatch) refers to cortexm.o(i.Clock_Delay1ms) for Clock_Delay1ms
    latch.o(i.LatchInit) refers to pwm.o(i.PWM0A_Init) for PWM0A_Init
    latch.o(i.LatchInit) refers to cortexm.o(i.Clock_Delay1ms) for Clock_Delay1ms
    latch.o(i.OpenLatch) refers to pwm.o(i.PWM0A_Duty) for PWM0A_Duty
    latch.o(i.OpenLatch) refers to cortexm.o(i.Clock_Delay1ms) for Clock_Delay1ms
    esp8266.o(i.ESP8266_AvailableInput) refers to esp8266.o(i.Rx5Fifo_Size) for Rx5Fifo_Size
    esp8266.o(i.ESP8266_GetMessage) refers to esp8266.o(.data) for Rx5PutI
    esp8266.o(i.ESP8266_GetMessage) refers to esp8266.o(.bss) for Rx5Fifo
    esp8266.o(i.ESP8266_Init) refers to esp8266.o(i.UART5_Init) for UART5_Init
    esp8266.o(i.ESP8266_Init) refers to startup.o(.text) for EnableInterrupts
    esp8266.o(i.ESP8266_OutChar) refers to esp8266.o(i.Tx5Fifo_Put) for Tx5Fifo_Put
    esp8266.o(i.ESP8266_OutChar) refers to esp8266.o(i.copySoftwareToHardware5) for copySoftwareToHardware5
    esp8266.o(i.ESP8266_OutString) refers to esp8266.o(i.ESP8266_OutChar) for ESP8266_OutChar
    esp8266.o(i.ESP8266_OutUDec) refers to esp8266.o(i.ESP8266_OutChar) for ESP8266_OutChar
    esp8266.o(i.ESP8266_Reset) refers to uart.o(i.UART_OutString) for UART_OutString
    esp8266.o(i.ESP8266_Reset) refers to esp8266.o(i.DelayMs) for DelayMs
    esp8266.o(i.ESP8266_SetupWiFi) refers to uart.o(i.UART_OutString) for UART_OutString
    esp8266.o(i.ESP8266_SetupWiFi) refers to esp8266.o(i.DelayMs) for DelayMs
    esp8266.o(i.ESP8266_SetupWiFi) refers to esp8266.o(i.ESP8266_OutString) for ESP8266_OutString
    esp8266.o(i.ESP8266_SetupWiFi) refers to esp8266.o(i.ESP8266_OutChar) for ESP8266_OutChar
    esp8266.o(i.ESP8266_SetupWiFi) refers to uart.o(i.UART_OutChar) for UART_OutChar
    esp8266.o(i.ESP8266_SetupWiFi) refers to esp8266.o(i.ESP8266_GetMessage) for ESP8266_GetMessage
    esp8266.o(i.ESP8266_SetupWiFi) refers to esp8266.o(i.Rx5Fifo_Init) for Rx5Fifo_Init
    esp8266.o(i.ESP8266_SetupWiFi) refers to esp8266.o(.data) for auth
    esp8266.o(i.ESP8266_SetupWiFi) refers to esp8266.o(.bss) for RxMessage
    esp8266.o(i.Rx5Fifo_Init) refers to startup.o(.text) for StartCritical
    esp8266.o(i.Rx5Fifo_Init) refers to esp8266.o(.data) for Rx5PutJ
    esp8266.o(i.Rx5Fifo_Put) refers to esp8266.o(.data) for Rx5PutI
    esp8266.o(i.Rx5Fifo_Put) refers to esp8266.o(.bss) for Rx5Fifo
    esp8266.o(i.Rx5Fifo_Size) refers to esp8266.o(.data) for Rx5PutI
    esp8266.o(i.Tx5Fifo_Get) refers to esp8266.o(.data) for Tx5PutI
    esp8266.o(i.Tx5Fifo_Get) refers to esp8266.o(.bss) for Tx5Fifo
    esp8266.o(i.Tx5Fifo_Init) refers to startup.o(.text) for StartCritical
    esp8266.o(i.Tx5Fifo_Init) refers to esp8266.o(.data) for Tx5GetI
    esp8266.o(i.Tx5Fifo_Put) refers to esp8266.o(.data) for Tx5PutI
    esp8266.o(i.Tx5Fifo_Put) refers to esp8266.o(.bss) for Tx5Fifo
    esp8266.o(i.Tx5Fifo_Size) refers to esp8266.o(.data) for Tx5PutI
    esp8266.o(i.UART5_Handler) refers to esp8266.o(i.copySoftwareToHardware5) for copySoftwareToHardware5
    esp8266.o(i.UART5_Handler) refers to esp8266.o(i.Tx5Fifo_Size) for Tx5Fifo_Size
    esp8266.o(i.UART5_Handler) refers to esp8266.o(i.copyHardwareToSoftware5) for copyHardwareToSoftware5
    esp8266.o(i.UART5_Init) refers to esp8266.o(i.Rx5Fifo_Init) for Rx5Fifo_Init
[...]
    blynktest.o(i.main7) refers to timer3.o(i.Timer3_Init) for Timer3_Init
    blynktest.o(i.main7) refers to blynk.o(i.Blynk_to_TM4C) for Blynk_to_TM4C
    blynktest.o(i.main7) refers to blynk.o(i.SendInformation) for SendInformation
    atoi.o(.text) refers to rt_errno_addr_intlibspace.o(.text) for __aeabi_errno_addr
    atoi.o(.text) refers to strtol.o(.text) for strtol
    strtok.o(.text) refers to strtok_int.o(.text) for __strtok_internal
    strtok.o(.text) refers to strtok.o(.data) for .data
    __main.o(!!!main) refers to __rtentry.o(.ARM.Collect$$rtentry$$00000000) for __rt_entry
    __rtentry.o(.ARM.Collect$$rtentry$$00000000) refers (Special) to __rtentry2.o(.ARM.Collect$$rtentry$$0000000A) for __rt_entry_li
    __rtentry.o(.ARM.Collect$$rtentry$$00000000) refers (Special) to __rtentry2.o(.ARM.Collect$$rtentry$$0000000D) for __rt_entry_main
    __rtentry.o(.ARM.Collect$$rtentry$$00000000) refers (Special) to __rtentry2.o(.ARM.Collect$$rtentry$$0000000C) for __rt_entry_postli_1
    __rtentry.o(.ARM.Collect$$rtentry$$00000000) refers (Special) to __rtentry2.o(.ARM.Collect$$rtentry$$00000009) for __rt_entry_postsh_1
    __rtentry.o(.ARM.Collect$$rtentry$$00000000) refers (Special) to __rtentry2.o(.ARM.Collect$$rtentry$$00000002) for __rt_entry_presh_1
    __rtentry.o(.ARM.Collect$$rtentry$$00000000) refers (Special) to __rtentry4.o(.ARM.Collect$$rtentry$$00000004) for __rt_entry_sh
    rt_errno_addr.o(.text) refers to rt_errno_addr.o(.bss) for __aeabi_errno_addr_data
    rt_errno_addr_intlibspace.o(.text) refers to libspace.o(.bss) for __libspace_start
    strtol.o(.text) refers to rt_ctype_table.o(.text) for __rt_ctype_table
    strtol.o(.text) refers to _strtoul.o(.text) for _strtoul
    strtol.o(.text) refers to rt_errno_addr_intlibspace.o(.text) for __aeabi_errno_addr
    strtok_int.o(.text) refers to strspn.o(.text) for strspn
    strtok_int.o(.text) refers to strcspn.o(.text) for strcspn
    libspace.o(.text) refers to libspace.o(.bss) for __libspace_start
    __rtentry2.o(.ARM.Collect$$rtentry$$00000008) refers to boardinit2.o(.text) for _platform_post_stackheap_init
    __rtentry2.o(.ARM.Collect$$rtentry$$0000000A) refers to libinit.o(.ARM.Collect$$libinit$$00000000) for __rt_lib_init
    __rtentry2.o(.ARM.Collect$$rtentry$$0000000B) refers to boardinit3.o(.text) for _platform_post_lib_init
    __rtentry2.o(.ARM.Collect$$rtentry$$0000000D) refers to safebox.o(i.main) for main
    __rtentry2.o(.ARM.Collect$$rtentry$$0000000D) refers to exit.o(.text) for exit
    __rtentry2.o(.ARM.exidx) refers to __rtentry2.o(.ARM.Collect$$rtentry$$00000001) for .ARM.Collect$$rtentry$$00000001
    __rtentry2.o(.ARM.exidx) refers to __rtentry2.o(.ARM.Collect$$rtentry$$00000008) for .ARM.Collect$$rtentry$$00000008
    __rtentry2.o(.ARM.exidx) refers to __rtentry2.o(.ARM.Collect$$rtentry$$0000000A) for .ARM.Collect$$rtentry$$0000000A
    __rtentry2.o(.ARM.exidx) refers to __rtentry2.o(.ARM.Collect$$rtentry$$0000000B) for .ARM.Collect$$rtentry$$0000000B
    __rtentry2.o(.ARM.exidx) refers to __rtentry2.o(.ARM.Collect$$rtentry$$0000000D) for .ARM.Collect$$rtentry$$0000000D
    __rtentry4.o(.ARM.Collect$$rtentry$$00000004) refers to sys_stackheap_outer.o(.text) for __user_setup_stackheap
    __rtentry4.o(.ARM.exidx) refers to __rtentry4.o(.ARM.Collect$$rtentry$$00000004) for .ARM.Collect$$rtentry$$00000004
    rt_ctype_table.o(.text) refers to rt_locale_intlibspace.o(.text) for __rt_locale
    rt_ctype_table.o(.text) refers to lc_ctype_c.o(locale$$code) for _get_lc_ctype
    _strtoul.o(.text) refers to _chval.o(.text) for _chval
    _strtoul.o(.text) refers to rt_errno_addr_intlibspace.o(.text) for __aeabi_errno_addr
    sys_stackheap_outer.o(.text) refers to libspace.o(.text) for __user_perproc_libspace
    sys_stackheap_outer.o(.text) refers to startup.o(.text) for __user_initial_stackheap
    rt_locale.o(.text) refers to rt_locale.o(.bss) for __rt_locale_data
    rt_locale_intlibspace.o(.text) refers to libspace.o(.bss) for __libspace_start
    lc_ctype_c.o(locale$$data) refers (Special) to libinit2.o(.ARM.Collect$$libinit$$00000012) for __rt_lib_init_lc_ctype_2
    lc_ctype_c.o(locale$$code) refers (Special) to libinit2.o(.ARM.Collect$$libinit$$00000012) for __rt_lib_init_lc_ctype_2
    lc_ctype_c.o(locale$$code) refers to strcmpv7m.o(.text) for strcmp
    lc_ctype_c.o(locale$$code) refers to lc_ctype_c.o(locale$$data) for __lcctype_c_name
    exit.o(.text) refers to rtexit.o(.ARM.Collect$$rtexit$$00000000) for __rt_exit
    libinit.o(.ARM.Collect$$libinit$$00000000) refers (Special) to libinit2.o(.ARM.Collect$$libinit$$0000002E) for __rt_lib_init_alloca_1
    libinit.o(.ARM.Collect$$libinit$$00000000) refers (Special) to libinit2.o(.ARM.Collect$$libinit$$0000002C) for __rt_lib_init_argv_1
    libinit.o(.ARM.Collect$$libinit$$00000000) refers (Special) to libinit2.o(.ARM.Collect$$libinit$$0000001B) for __rt_lib_init_atexit_1
    libinit.o(.ARM.Collect$$libinit$$00000000) refers (Special) to libinit2.o(.ARM.Collect$$libinit$$00000021) for __rt_lib_init_clock_1
    libinit.o(.ARM.Collect$$libinit$$00000000) refers (Special) to libinit2.o(.ARM.Collect$$libinit$$00000032) for __rt_lib_init_cpp_1
    libinit.o(.ARM.Collect$$libinit$$00000000) refers (Special) to libinit2.o(.ARM.Collect$$libinit$$00000030) for __rt_lib_init_exceptions_1
    libinit.o(.ARM.Collect$$libinit$$00000000) refers (Special) to libinit2.o(.ARM.Collect$$libinit$$00000002) for __rt_lib_init_fp_1
    libinit.o(.ARM.Collect$$libinit$$00000000) refers (Special) to libinit2.o(.ARM.Collect$$libinit$$0000001F) for __rt_lib_init_fp_trap_1
    libinit.o(.ARM.Collect$$libinit$$00000000) refers (Special) to libinit2.o(.ARM.Collect$$libinit$$00000023) for __rt_lib_init_getenv_1
    libinit.o(.ARM.Collect$$libinit$$00000000) refers (Special) to libinit2.o(.ARM.Collect$$libinit$$0000000A) for __rt_lib_init_heap_1
    libinit.o(.ARM.Collect$$libinit$$00000000) refers (Special) to libinit2.o(.ARM.Collect$$libinit$$00000011) for __rt_lib_init_lc_collate_1
    libinit.o(.ARM.Collect$$libinit$$00000000) refers (Special) to libinit2.o(.ARM.Collect$$libinit$$00000013) for __rt_lib_init_lc_ctype_1
    libinit.o(.ARM.Collect$$libinit$$00000000) refers (Special) to libinit2.o(.ARM.Collect$$libinit$$00000015) for __rt_lib_init_lc_monetary_1
    libinit.o(.ARM.Collect$$libinit$$00000000) refers (Special) to libinit2.o(.ARM.Collect$$libinit$$00000017) for __rt_lib_init_lc_numeric_1
    libinit.o(.ARM.Collect$$libinit$$00000000) refers (Special) to libinit2.o(.ARM.Collect$$libinit$$00000019) for __rt_lib_init_lc_time_1
    libinit.o(.ARM.Collect$$libinit$$00000000) refers (Special) to libinit2.o(.ARM.Collect$$libinit$$00000004) for __rt_lib_init_preinit_1
    libinit.o(.ARM.Collect$$libinit$$00000000) refers (Special) to libinit2.o(.ARM.Collect$$libinit$$0000000E) for __rt_lib_init_rand_1
    libinit.o(.ARM.Collect$$libinit$$00000000) refers (Special) to libinit2.o(.ARM.Collect$$libinit$$00000033) for __rt_lib_init_return
    libinit.o(.ARM.Collect$$libinit$$00000000) refers (Special) to libinit2.o(.ARM.Collect$$libinit$$0000001D) for __rt_lib_init_signal_1
    libinit.o(.ARM.Collect$$libinit$$00000000) refers (Special) to libinit2.o(.ARM.Collect$$libinit$$00000025) for __rt_lib_init_stdio_1
    libinit.o(.ARM.Collect$$libinit$$00000000) refers (Special) to libinit2.o(.ARM.Collect$$libinit$$0000000C) for __rt_lib_init_user_alloc_1
    rtexit.o(.ARM.Collect$$rtexit$$00000000) refers (Special) to rtexit2.o(.ARM.Collect$$rtexit$$00000004) for __rt_exit_exit
    rtexit.o(.ARM.Collect$$rtexit$$00000000) refers (Special) to rtexit2.o(.ARM.Collect$$rtexit$$00000003) for __rt_exit_ls
    rtexit.o(.ARM.Collect$$rtexit$$00000000) refers (Special) to rtexit2.o(.ARM.Collect$$rtexit$$00000002) for __rt_exit_prels_1
    rtexit.o(.ARM.exidx) refers (Special) to rtexit2.o(.ARM.Collect$$rtexit$$00000004) for __rt_exit_exit
    rtexit.o(.ARM.exidx) refers (Special) to rtexit2.o(.ARM.Collect$$rtexit$$00000003) for __rt_exit_ls
    rtexit.o(.ARM.exidx) refers (Special) to rtexit2.o(.ARM.Collect$$rtexit$$00000002) for __rt_exit_prels_1
    rtexit.o(.ARM.exidx) refers to rtexit.o(.ARM.Collect$$rtexit$$00000000) for .ARM.Collect$$rtexit$$00000000
    libinit2.o(.ARM.Collect$$libinit$$0000000F) refers (Weak) to rt_locale_intlibspace.o(.text) for __rt_locale
    libinit2.o(.ARM.Collect$$libinit$$00000010) refers to libinit2.o(.ARM.Collect$$libinit$$0000000F) for .ARM.Collect$$libinit$$0000000F
    libinit2.o(.ARM.Collect$$libinit$$00000012) refers to libinit2.o(.ARM.Collect$$libinit$$0000000F) for .ARM.Collect$$libinit$$0000000F
    libinit2.o(.ARM.Collect$$libinit$$00000012) refers (Weak) to lc_ctype_c.o(locale$$code) for _get_lc_ctype
    libinit2.o(.ARM.Collect$$libinit$$00000014) refers to libinit2.o(.ARM.Collect$$libinit$$0000000F) for .ARM.Collect$$libinit$$0000000F
    libinit2.o(.ARM.Collect$$libinit$$00000016) refers to libinit2.o(.ARM.Collect$$libinit$$0000000F) for .ARM.Collect$$libinit$$0000000F
    libinit2.o(.ARM.Collect$$libinit$$00000018) refers to libinit2.o(.ARM.Collect$$libinit$$0000000F) for .ARM.Collect$$libinit$$0000000F
    libinit2.o(.ARM.Collect$$libinit$$00000026) refers to argv_veneer.o(.emb_text) for __ARM_argv_veneer
    libinit2.o(.ARM.Collect$$libinit$$00000027) refers to argv_veneer.o(.emb_text) for __ARM_argv_veneer
    rtexit2.o(.ARM.Collect$$rtexit$$00000003) refers to libshutdown.o(.ARM.Collect$$libshutdown$$00000000) for __rt_lib_shutdown
    rtexit2.o(.ARM.Collect$$rtexit$$00000004) refers to sys_exit.o(.text) for _sys_exit
    rtexit2.o(.ARM.exidx) refers to rtexit2.o(.ARM.Collect$$rtexit$$00000001) for .ARM.Collect$$rtexit$$00000001
    rtexit2.o(.ARM.exidx) refers to rtexit2.o(.ARM.Collect$$rtexit$$00000003) for .ARM.Collect$$rtexit$$00000003
    rtexit2.o(.ARM.exidx) refers to rtexit2.o(.ARM.Collect$$rtexit$$00000004) for .ARM.Collect$$rtexit$$00000004
    argv_veneer.o(.emb_text) refers to no_argv.o(.text) for __ARM_get_argv
    sys_exit.o(.text) refers (Special) to use_no_semi.o(.text) for __I$use$semihosting
    sys_exit.o(.text) refers (Special) to indicate_semi.o(.text) for __semihosting_library_function
    _get_argv_nomalloc.o(.text) refers (Special) to hrguard.o(.text) for __heap_region$guard
    _get_argv_nomalloc.o(.text) refers to defsig_rtmem_outer.o(.text) for __rt_SIGRTMEM
    _get_argv_nomalloc.o(.text) refers to sys_command.o(.text) for _sys_command_string
    libshutdown.o(.ARM.Collect$$libshutdown$$00000000) refers (Special) to libshutdown2.o(.ARM.Collect$$libshutdown$$00000002) for __rt_lib_shutdown_cpp_1
    libshutdown.o(.ARM.Collect$$libshutdown$$00000000) refers (Special) to libshutdown2.o(.ARM.Collect$$libshutdown$$00000007) for __rt_lib_shutdown_fp_trap_1
    libshutdown.o(.ARM.Collect$$libshutdown$$00000000) refers (Special) to libshutdown2.o(.ARM.Collect$$libshutdown$$0000000F) for __rt_lib_shutdown_heap_1
    libshutdown.o(.ARM.Collect$$libshutdown$$00000000) refers (Special) to libshutdown2.o(.ARM.Collect$$libshutdown$$00000010) for __rt_lib_shutdown_return
    libshutdown.o(.ARM.Collect$$libshutdown$$00000000) refers (Special) to libshutdown2.o(.ARM.Collect$$libshutdown$$0000000A) for __rt_lib_shutdown_signal_1
    libshutdown.o(.ARM.Collect$$libshutdown$$00000000) refers (Special) to libshutdown2.o(.ARM.Collect$$libshutdown$$00000004) for __rt_lib_shutdown_stdio_1
    libshutdown.o(.ARM.Collect$$libshutdown$$00000000) refers (Special) to libshutdown2.o(.ARM.Collect$$libshutdown$$0000000C) for __rt_lib_shutdown_user_alloc_1
    sys_command.o(.text) refers (Special) to use_no_semi.o(.text) for __I$use$semihosting
    sys_command.o(.text) refers (Special) to indicate_semi.o(.text) for __semihosting_library_function
    defsig_rtmem_outer.o(.text) refers to defsig_rtmem_inner.o(.text) for __rt_SIGRTMEM_inner
    defsig_rtmem_outer.o(.text) refers to defsig_exit.o(.text) for __sig_exit
    defsig_rtmem_formal.o(.text) refers to rt_raise.o(.text) for __rt_raise
    rt_raise.o(.text) refers to __raise.o(.text) for __raise
    rt_raise.o(.text) refers to sys_exit.o(.text) for _sys_exit
    defsig_exit.o(.text) refers to sys_exit.o(.text) for _sys_exit
    defsig_rtmem_inner.o(.text) refers to defsig_general.o(.text) for __default_signal_display
    __raise.o(.text) refers to defsig.o(CL$$defsig) for __default_signal_handler
    defsig_general.o(.text) refers to sys_wrch.o(.text) for _ttywrch
    sys_wrch.o(.text) refers (Special) to use_no_semi.o(.text) for __I$use$semihosting
    sys_wrch.o(.text) refers (Special) to indicate_semi.o(.text) for __semihosting_library_function
    defsig.o(CL$$defsig) refers to defsig_rtmem_inner.o(.text) for __rt_SIGRTMEM_inner
    defsig_abrt_inner.o(.text) refers to defsig_general.o(.text) for __default_signal_display
    defsig_fpe_inner.o(.text) refers to defsig_general.o(.text) for __default_signal_display
    defsig_rtred_inner.o(.text) refers to defsig_general.o(.text) for __default_signal_display
    defsig_stak_inner.o(.text) refers to defsig_general.o(.text) for __default_signal_display
    defsig_pvfn_inner.o(.text) refers to defsig_general.o(.text) for __default_signal_display
    defsig_cppl_inner.o(.text) refers to defsig_general.o(.text) for __default_signal_display
    defsig_segv_inner.o(.text) refers to defsig_general.o(.text) for __default_signal_display
    defsig_other.o(.text) refers to defsig_general.o(.text) for __default_signal_display


==============================================================================

Removing Unused input sections from the image.

    Removing dac.o(i.DAC_Init), (108 bytes).
    Removing dac.o(i.DAC_Out), (16 bytes).
    Removing esp8266.o(i.ESP8266_AvailableInput), (8 bytes).
    Removing music.o(i.Music_Play), (116 bytes).
    Removing music.o(i.Play_Note0), (52 bytes).
    Removing music.o(.data), (2317 bytes).
    Removing st7735.o(i.Delay1ms), (32 bytes).
    Removing st7735.o(i.Output_Clear), (10 bytes).
    Removing st7735.o(i.Output_Color), (12 bytes).
    Removing st7735.o(i.Output_Init), (16 bytes).
    Removing st7735.o(i.Output_Off), (8 bytes).
    Removing st7735.o(i.Output_On), (8 bytes).
    Removing st7735.o(i.ST7735_Color565), (24 bytes).
    Removing st7735.o(i.ST7735_DrawBitmap), (292 bytes).
    Removing st7735.o(i.ST7735_DrawChar), (276 bytes).
    Removing st7735.o(i.ST7735_DrawCharS), (248 bytes).
    Removing st7735.o(i.ST7735_DrawCircle), (172 bytes).
    Removing st7735.o(i.ST7735_DrawFastHLine), (128 bytes).
    Removing st7735.o(i.ST7735_DrawFastVLine), (128 bytes).
    Removing st7735.o(i.ST7735_DrawPixel), (76 bytes).
    Removing st7735.o(i.ST7735_DrawSmallCircle), (172 bytes).
    Removing st7735.o(i.ST7735_DrawString), (86 bytes).
    Removing st7735.o(i.ST7735_FillRect), (176 bytes).
    Removing st7735.o(i.ST7735_FillScreen), (36 bytes).
    Removing st7735.o(i.ST7735_InitB), (40 bytes).
    Removing st7735.o(i.ST7735_InitR), (124 bytes).
    Removing st7735.o(i.ST7735_InvertDisplay), (26 bytes).
    Removing st7735.o(i.ST7735_OutChar), (216 bytes).
    Removing st7735.o(i.ST7735_OutString), (24 bytes).
    Removing st7735.o(i.ST7735_OutUDec), (140 bytes).
    Removing st7735.o(i.ST7735_PlotBar), (88 bytes).
    Removing st7735.o(i.ST7735_PlotClear), (92 bytes).
    Removing st7735.o(i.ST7735_PlotLine), (264 bytes).
    Removing st7735.o(i.ST7735_PlotNext), (32 bytes).
    Removing st7735.o(i.ST7735_PlotNextErase), (64 bytes).
    Removing st7735.o(i.ST7735_PlotPoint), (152 bytes).
    Removing st7735.o(i.ST7735_PlotPoints), (172 bytes).
    Removing st7735.o(i.ST7735_PlotdBfs), (60 bytes).
    Removing st7735.o(i.ST7735_SetCursor), (32 bytes).
    Removing st7735.o(i.ST7735_SetRotation), (216 bytes).
    Removing st7735.o(i.ST7735_SetTextColor), (12 bytes).
    Removing st7735.o(i.ST7735_SwapColor), (18 bytes).
    Removing st7735.o(i.commandList), (86 bytes).
    Removing st7735.o(i.commonInit), (392 bytes).
    Removing st7735.o(i.deselect), (28 bytes).
    Removing st7735.o(i.ferror), (8 bytes).
    Removing st7735.o(i.fgetc), (6 bytes).
    Removing st7735.o(i.fillmessage), (72 bytes).
    Removing st7735.o(i.fputc), (16 bytes).
    Removing st7735.o(i.pushColor), (18 bytes).
    Removing st7735.o(i.setAddrWindow), (116 bytes).
    Removing st7735.o(i.writecommand), (56 bytes).
    Removing st7735.o(i.writedata), (36 bytes).
    Removing st7735.o(.bss), (12 bytes).
    Removing st7735.o(.constdata), (2114 bytes).
    Removing st7735.o(.data), (44 bytes).
    Removing timer0a.o(i.Timer0A_Init), (120 bytes).
    Removing timer0a.o(i.Timer0A_Stop), (24 bytes).
    Removing timer4a.o(i.Timer4A_Init), (96 bytes).
    Removing timer4a.o(i.Timer4A_Stop), (24 bytes).
    Removing timer5a.o(i.Timer5A_Init), (96 bytes).
    Removing timer5a.o(i.Timer5_Stop), (24 bytes).
    Removing uart.o(i.RxFifo_Get), (60 bytes).
    Removing uart.o(i.UART_InChar), (20 bytes).
    Removing uart.o(i.UART_InCharNonBlock), (20 bytes).
    Removing uart.o(i.UART_InString), (70 bytes).
    Removing uart.o(i.UART_InUDec), (76 bytes).
    Removing uart.o(i.UART_InUHex), (108 bytes).
    Removing uart.o(i.UART_OutUDec), (42 bytes).
    Removing uart.o(i.UART_OutUHex), (52 bytes).
    Removing pwm.o(i.PWM0B_Duty), (12 bytes).
    Removing pwm.o(i.PWM0B_Init), (188 bytes).
    Removing pwm.o(i.PWM0G_Duty), (12 bytes).
    Removing pwm.o(i.PWM0G_Init), (204 bytes).
    Removing pwmtest.o(i.main2), (42 bytes).
    Removing blynktest.o(i.main7), (116 bytes).

76 unused section(s) (total 10699 bytes) removed from the image.

==============================================================================

Image Symbol Table

    Local Symbols

    Symbol Name                              Value     Ov Type        Size  Object(Section)

    RESET                                    0x00000000   Section      644  startup.o(RESET)
    ../clib/angel/boardlib.s                 0x00000000   Number         0  boardinit3.o ABSOLUTE
    ../clib/angel/boardlib.s                 0x00000000   Number         0  boardshut.o ABSOLUTE
    ../clib/angel/boardlib.s                 0x00000000   Number         0  boardinit2.o ABSOLUTE
    ../clib/angel/boardlib.s                 0x00000000   Number         0  boardinit1.o ABSOLUTE
    ../clib/angel/handlers.s                 0x00000000   Number         0  __scatter_copy.o ABSOLUTE
    ../clib/angel/handlers.s                 0x00000000   Number         0  __scatter_zi.o ABSOLUTE
    ../clib/angel/kernel.s                   0x00000000   Number         0  rtexit2.o ABSOLUTE
    ../clib/angel/kernel.s                   0x00000000   Number         0  rtexit.o ABSOLUTE
    ../clib/angel/kernel.s                   0x00000000   Number         0  __rtentry2.o ABSOLUTE
    ../clib/angel/kernel.s                   0x00000000   Number         0  __rtentry.o ABSOLUTE
    ../clib/angel/kernel.s                   0x00000000   Number         0  __rtentry4.o ABSOLUTE
    ../clib/angel/rt.s                       0x00000000   Number         0  rt_raise.o ABSOLUTE
    ../clib/angel/rt.s                       0x00000000   Number         0  rt_errno_addr.o ABSOLUTE
    ../clib/angel/rt.s                       0x00000000   Number         0  rt_locale.o ABSOLUTE
    ../clib/angel/rt.s                       0x00000000   Number         0  rt_locale_intlibspace.o ABSOLUTE
    ../clib/angel/rt.s                       0x00000000   Number         0  rt_errno_addr_intlibspace.o ABSOLUTE
    ../clib/angel/rt.s                       0x00000000   Number         0  rt_ctype_table.o ABSOLUTE
    ../clib/angel/scatter.s                  0x00000000   Number         0  __scatter.o ABSOLUTE
    ../clib/angel/startup.s                  0x00000000   Number         0  __main.o ABSOLUTE
    ../clib/angel/sys.s                      0x00000000   Number         0  libspace.o ABSOLUTE
    ../clib/angel/sys.s                      0x00000000   Number         0  use_no_semi.o ABSOLUTE
    ../clib/angel/sys.s                      0x00000000   Number         0  indicate_semi.o ABSOLUTE
    ../clib/angel/sys.s                      0x00000000   Number         0  sys_stackheap_outer.o ABSOLUTE
    ../clib/angel/sysapp.c                   0x00000000   Number         0  sys_wrch.o ABSOLUTE
    ../clib/angel/sysapp.c                   0x00000000   Number         0  sys_command.o ABSOLUTE
    ../clib/angel/sysapp.c                   0x00000000   Number         0  sys_exit.o ABSOLUTE
    ../clib/armsys.c                         0x00000000   Number         0  argv_veneer.o ABSOLUTE
    ../clib/armsys.c                         0x00000000   Number         0  no_argv.o ABSOLUTE
    ../clib/armsys.c                         0x00000000   Number         0  _get_argv_nomalloc.o ABSOLUTE
    ../clib/armsys.c                         0x00000000   Number         0  argv_veneer.o ABSOLUTE
    ../clib/heapalloc.c                      0x00000000   Number         0  hrguard.o ABSOLUTE
    ../clib/heapaux.c                        0x00000000   Number         0  heapauxi.o ABSOLUTE
    ../clib/libinit.s                        0x00000000   Number         0  libinit2.o ABSOLUTE
    ../clib/libinit.s                        0x00000000   Number         0  libshutdown.o ABSOLUTE
    ../clib/libinit.s                        0x00000000   Number         0  libinit.o ABSOLUTE
    ../clib/libinit.s                        0x00000000   Number         0  libshutdown2.o ABSOLUTE
    ../clib/locale.s                         0x00000000   Number         0  lc_ctype_c.o ABSOLUTE
    ../clib/memcpset.s                       0x00000000   Number         0  strcmpv7m.o ABSOLUTE
    ../clib/scanf.c                          0x00000000   Number         0  _chval.o ABSOLUTE
    ../clib/scanf.c                          0x00000000   Number         0  atoi.o ABSOLUTE
    ../clib/scanf.c                          0x00000000   Number         0  _strtoul.o ABSOLUTE
    ../clib/scanf.c                          0x00000000   Number         0  strtol.o ABSOLUTE
    ../clib/signal.c                         0x00000000   Number         0  defsig_general.o ABSOLUTE
    ../clib/signal.c                         0x00000000   Number         0  defsig_exit.o ABSOLUTE
    ../clib/signal.c                         0x00000000   Number         0  defsig_other.o ABSOLUTE
    ../clib/signal.c                         0x00000000   Number         0  defsig_rtmem_inner.o ABSOLUTE
    ../clib/signal.c                         0x00000000   Number         0  defsig_segv_inner.o ABSOLUTE
    ../clib/signal.c                         0x00000000   Number         0  defsig_cppl_inner.o ABSOLUTE
    ../clib/signal.c                         0x00000000   Number         0  defsig_pvfn_inner.o ABSOLUTE
    ../clib/signal.c                         0x00000000   Number         0  __raise.o ABSOLUTE
    ../clib/signal.c                         0x00000000   Number         0  defsig_stak_inner.o ABSOLUTE
    ../clib/signal.c                         0x00000000   Number         0  defsig_rtred_inner.o ABSOLUTE
    ../clib/signal.c                         0x00000000   Number         0  defsig_fpe_inner.o ABSOLUTE
    ../clib/signal.c                         0x00000000   Number         0  defsig_abrt_inner.o ABSOLUTE
    ../clib/signal.c                         0x00000000   Number         0  defsig_rtmem_outer.o ABSOLUTE
    ../clib/signal.c                         0x00000000   Number         0  defsig_rtmem_formal.o ABSOLUTE
    ../clib/signal.s                         0x00000000   Number         0  defsig.o ABSOLUTE
    ../clib/stdlib.c                         0x00000000   Number         0  exit.o ABSOLUTE
    ../clib/string.c                         0x00000000   Number         0  strspn.o ABSOLUTE
    ../clib/string.c                         0x00000000   Number         0  strcpy.o ABSOLUTE
    ../clib/string.c                         0x00000000   Number         0  strcspn.o ABSOLUTE
    ../clib/string.c                         0x00000000   Number         0  strtok.o ABSOLUTE
    ../clib/string.c                         0x00000000   Number         0  strtok_int.o ABSOLUTE
    ../fplib/fpinit.s                        0x00000000   Number         0  fpinit.o ABSOLUTE
    dc.s                                     0x00000000   Number         0  dc.o ABSOLUTE
    src\Blynk.c                              0x00000000   Number         0  blynk.o ABSOLUTE
    src\BlynkTest.c                          0x00000000   Number         0  blynktest.o ABSOLUTE
    src\CortexM.c                            0x00000000   Number         0  cortexm.o ABSOLUTE
    src\DAC.c                                0x00000000   Number         0  dac.o ABSOLUTE
    src\Latch.c                              0x00000000   Number         0  latch.o ABSOLUTE
    src\Music.c                              0x00000000   Number         0  music.o ABSOLUTE
    src\PLL.c                                0x00000000   Number         0  pll.o ABSOLUTE
    src\PWM.c                                0x00000000   Number         0  pwm.o ABSOLUTE
    src\PWMtest.c                            0x00000000   Number         0  pwmtest.o ABSOLUTE
    src\PortF.c                              0x00000000   Number         0  portf.o ABSOLUTE
    src\ST7735.c                             0x00000000   Number         0  st7735.o ABSOLUTE
    src\SafeBox.c                            0x00000000   Number         0  safebox.o ABSOLUTE
    src\Timer0A.c                            0x00000000   Number         0  timer0a.o ABSOLUTE
    src\Timer2.c                             0x00000000   Number         0  timer2.o ABSOLUTE
    src\Timer3.c                             0x00000000   Number         0  timer3.o ABSOLUTE
    src\Timer4A.c                            0x00000000   Number         0  timer4a.o ABSOLUTE
    src\Timer5A.c                            0x00000000   Number         0  timer5a.o ABSOLUTE
    src\UART.c                               0x00000000   Number         0  uart.o ABSOLUTE
    src\\CortexM.c                           0x00000000   Number         0  cortexm.o ABSOLUTE
    src\esp8266.c                            0x00000000   Number         0  esp8266.o ABSOLUTE
    src\startup.s                            0x00000000   Number         0  startup.o ABSOLUTE
    !!!main                                  0x00000284   Section        8  __main.o(!!!main)
    !!!scatter                               0x0000028c   Section       52  __scatter.o(!!!scatter)
    !!handler_copy                           0x000002c0   Section       26  __scatter_copy.o(!!handler_copy)
    !!handler_zi                             0x000002dc   Section       28  __scatter_zi.o(!!handler_zi)
    .ARM.Collect$$libinit$$00000000          0x000002f8   Section        2  libinit.o(.ARM.Collect$$libinit$$00000000)
    .ARM.Collect$$libinit$$00000002          0x000002fa   Section        0  libinit2.o(.ARM.Collect$$libinit$$00000002)
    .ARM.Collect$$libinit$$00000004          0x000002fa   Section        0  libinit2.o(.ARM.Collect$$libinit$$00000004)
    .ARM.Collect$$libinit$$0000000A          0x000002fa   Section        0  libinit2.o(.ARM.Collect$$libinit$$0000000A)
    .ARM.Collect$$libinit$$0000000C          0x000002fa   Section        0  libinit2.o(.ARM.Collect$$libinit$$0000000C)
    .ARM.Collect$$libinit$$0000000E          0x000002fa   Section        0  libinit2.o(.ARM.Collect$$libinit$$0000000E)
    .ARM.Collect$$libinit$$0000000F          0x000002fa   Section        6  libinit2.o(.ARM.Collect$$libinit$$0000000F)
    .ARM.Collect$$libinit$$00000011          0x00000300   Section        0  libinit2.o(.ARM.Collect$$libinit$$00000011)
    .ARM.Collect$$libinit$$00000012          0x00000300   Section       12  libinit2.o(.ARM.Collect$$libinit$$00000012)
    .ARM.Collect$$libinit$$00000013          0x0000030c   Section        0  libinit2.o(.ARM.Collect$$libinit$$00000013)
    .ARM.Collect$$libinit$$00000015          0x0000030c   Section        0  libinit2.o(.ARM.Collect$$libinit$$00000015)
    .ARM.Collect$$libinit$$00000017          0x0000030c   Section        0  libinit2.o(.ARM.Collect$$libinit$$00000017)
    .ARM.Collect$$libinit$$00000019          0x0000030c   Section        0  libinit2.o(.ARM.Collect$$libinit$$00000019)
    .ARM.Collect$$libinit$$0000001B          0x0000030c   Section        0  libinit2.o(.ARM.Collect$$libinit$$0000001B)
    .ARM.Collect$$libinit$$0000001D          0x0000030c   Section        0  libinit2.o(.ARM.Collect$$libinit$$0000001D)
    .ARM.Collect$$libinit$$0000001F          0x0000030c   Section        0  libinit2.o(.ARM.Collect$$libinit$$0000001F)
    .ARM.Collect$$libinit$$00000021          0x0000030c   Section        0  libinit2.o(.ARM.Collect$$libinit$$00000021)
    .ARM.Collect$$libinit$$00000023          0x0000030c   Section        0  libinit2.o(.ARM.Collect$$libinit$$00000023)
    .ARM.Collect$$libinit$$00000025          0x0000030c   Section        0  libinit2.o(.ARM.Collect$$libinit$$00000025)
    .ARM.Collect$$libinit$$0000002C          0x0000030c   Section        0  libinit2.o(.ARM.Collect$$libinit$$0000002C)
    .ARM.Collect$$libinit$$0000002E          0x0000030c   Section        0  libinit2.o(.ARM.Collect$$libinit$$0000002E)
    .ARM.Collect$$libinit$$00000030          0x0000030c   Section        0  libinit2.o(.ARM.Collect$$libinit$$00000030)
    .ARM.Collect$$libinit$$00000032          0x0000030c   Section        0  libinit2.o(.ARM.Collect$$libinit$$00000032)
    .ARM.Collect$$libinit$$00000033          0x0000030c   Section        2  libinit2.o(.ARM.Collect$$libinit$$00000033)
    .ARM.Collect$$libshutdown$$00000000      0x0000030e   Section        2  libshutdown.o(.ARM.Collect$$libshutdown$$00000000)
    .ARM.Collect$$libshutdown$$00000002      0x00000310   Section        0  libshutdown2.o(.ARM.Collect$$libshutdown$$00000002)
    .ARM.Collect$$libshutdown$$00000004      0x00000310   Section        0  libshutdown2.o(.ARM.Collect$$libshutdown$$00000004)
    .ARM.Collect$$libshutdown$$00000007      0x00000310   Section        0  libshutdown2.o(.ARM.Collect$$libshutdown$$00000007)
    .ARM.Collect$$libshutdown$$0000000A      0x00000310   Section        0  libshutdown2.o(.ARM.Collect$$libshutdown$$0000000A)
    .ARM.Collect$$libshutdown$$0000000C      0x00000310   Section        0  libshutdown2.o(.ARM.Collect$$libshutdown$$0000000C)
    .ARM.Collect$$libshutdown$$0000000F      0x00000310   Section        0  libshutdown2.o(.ARM.Collect$$libshutdown$$0000000F)
    .ARM.Collect$$libshutdown$$00000010      0x00000310   Section        2  libshutdown2.o(.ARM.Collect$$libshutdown$$00000010)
    .ARM.Collect$$rtentry$$00000000          0x00000312   Section        0  __rtentry.o(.ARM.Collect$$rtentry$$00000000)
    .ARM.Collect$$rtentry$$00000002          0x00000312   Section        0  __rtentry2.o(.ARM.Collect$$rtentry$$00000002)
    .ARM.Collect$$rtentry$$00000004          0x00000312   Section        6  __rtentry4.o(.ARM.Collect$$rtentry$$00000004)
    .ARM.Collect$$rtentry$$00000009          0x00000318   Section        0  __rtentry2.o(.ARM.Collect$$rtentry$$00000009)
    .ARM.Collect$$rtentry$$0000000A          0x00000318   Section        4  __rtentry2.o(.ARM.Collect$$rtentry$$0000000A)
    .ARM.Collect$$rtentry$$0000000C          0x0000031c   Section        0  __rtentry2.o(.ARM.Collect$$rtentry$$0000000C)
    .ARM.Collect$$rtentry$$0000000D          0x0000031c   Section        8  __rtentry2.o(.ARM.Collect$$rtentry$$0000000D)
    .ARM.Collect$$rtexit$$00000000           0x00000324   Section        2  rtexit.o(.ARM.Collect$$rtexit$$00000000)
    .ARM.Collect$$rtexit$$00000002           0x00000326   Section        0  rtexit2.o(.ARM.Collect$$rtexit$$00000002)
    .ARM.Collect$$rtexit$$00000003           0x00000326   Section        4  rtexit2.o(.ARM.Collect$$rtexit$$00000003)
    .ARM.Collect$$rtexit$$00000004           0x0000032a   Section        6  rtexit2.o(.ARM.Collect$$rtexit$$00000004)
    .emb_text                                0x00000330   Section        6  cortexm.o(.emb_text)
    .text                                    0x00000338   Section       48  startup.o(.text)
    .text                                    0x00000368   Section        0  atoi.o(.text)
    .text                                    0x00000384   Section        0  strtok.o(.text)
    .text                                    0x00000390   Section        0  strcpy.o(.text)
    .text                                    0x000003d8   Section        0  heapauxi.o(.text)
    .text                                    0x000003e0   Section        8  rt_errno_addr_intlibspace.o(.text)
    .text                                    0x000003e8   Section        0  strtol.o(.text)
    .text                                    0x00000458   Section        0  strtok_int.o(.text)
    .text                                    0x0000049c   Section        8  libspace.o(.text)
    .text                                    0x000004a4   Section       16  rt_ctype_table.o(.text)
    .text                                    0x000004b4   Section        0  _strtoul.o(.text)
    .text                                    0x00000552   Section        0  strcspn.o(.text)
    .text                                    0x00000572   Section        0  strspn.o(.text)
    .text                                    0x0000058e   Section       74  sys_stackheap_outer.o(.text)
    .text                                    0x000005d8   Section        8  rt_locale_intlibspace.o(.text)
    .text                                    0x000005e0   Section        0  _chval.o(.text)
    .text                                    0x000005fc   Section        0  exit.o(.text)
    .text                                    0x00000610   Section      128  strcmpv7m.o(.text)
    .text                                    0x00000690   Section        0  sys_exit.o(.text)
    .text                                    0x0000069c   Section        2  use_no_semi.o(.text)
    .text                                    0x0000069e   Section        0  indicate_semi.o(.text)
    i.Blynk_to_TM4C                          0x000006a0   Section        0  blynk.o(i.Blynk_to_TM4C)
    i.Clock_Delay1ms                         0x000007b8   Section        0  cortexm.o(i.Clock_Delay1ms)
    i.CloseLatch                             0x000007ce   Section        0  latch.o(i.CloseLatch)
    i.DelayMs                                0x000007e2   Section        0  esp8266.o(i.DelayMs)
    i.ESP8266_GetMessage                     0x00000804   Section        0  esp8266.o(i.ESP8266_GetMessage)
    i.ESP8266_Init                           0x00000854   Section        0  esp8266.o(i.ESP8266_Init)
    i.ESP8266_OutChar                        0x000008dc   Section        0  esp8266.o(i.ESP8266_OutChar)
    i.ESP8266_OutString                      0x00000910   Section        0  esp8266.o(i.ESP8266_OutString)
    i.ESP8266_OutUDec                        0x00000928   Section        0  esp8266.o(i.ESP8266_OutUDec)
    i.ESP8266_Reset                          0x00000954   Section        0  esp8266.o(i.ESP8266_Reset)
    i.ESP8266_SetupWiFi                      0x00000a4c   Section        0  esp8266.o(i.ESP8266_SetupWiFi)
    i.LatchInit                              0x00000bc4   Section        0  latch.o(i.LatchInit)
    i.OpenLatch                              0x00000bdc   Section        0  latch.o(i.OpenLatch)
    i.PLL_Init                               0x00000bf0   Section        0  pll.o(i.PLL_Init)
    i.PWM0A_Duty                             0x00000c6c   Section        0  pwm.o(i.PWM0A_Duty)
    i.PWM0A_Init                             0x00000c78   Section        0  pwm.o(i.PWM0A_Init)
    i.PortF_Init                             0x00000d30   Section        0  portf.o(i.PortF_Init)
    i.PortF_Input                            0x00000d8c   Section        0  portf.o(i.PortF_Input)
    i.PortF_Output                           0x00000d9c   Section        0  portf.o(i.PortF_Output)
    i.Rx5Fifo_Init                           0x00000da8   Section        0  esp8266.o(i.Rx5Fifo_Init)
    i.Rx5Fifo_Put                            0x00000dd4   Section        0  esp8266.o(i.Rx5Fifo_Put)
    i.Rx5Fifo_Size                           0x00000ea4   Section        0  esp8266.o(i.Rx5Fifo_Size)
    i.RxFifo_Init                            0x00000eb8   Section        0  uart.o(i.RxFifo_Init)
    i.RxFifo_Put                             0x00000edc   Section        0  uart.o(i.RxFifo_Put)
    i.RxFifo_Size                            0x00000f18   Section        0  uart.o(i.RxFifo_Size)
    i.SendInformation                        0x00000f2c   Section        0  blynk.o(i.SendInformation)
    i.TM4C_to_Blynk                          0x00000f5c   Section        0  blynk.o(i.TM4C_to_Blynk)
    i.Timer0A_Handler                        0x00000f98   Section        0  timer0a.o(i.Timer0A_Handler)
    i.Timer2A_Handler                        0x00000fb0   Section        0  timer2.o(i.Timer2A_Handler)
    i.Timer2_Init                            0x00000fc8   Section        0  timer2.o(i.Timer2_Init)
    i.Timer3A_Handler                        0x00001028   Section        0  timer3.o(i.Timer3A_Handler)
    i.Timer3_Init                            0x00001040   Section        0  timer3.o(i.Timer3_Init)
    i.Timer4A_Handler                        0x0000109c   Section        0  timer4a.o(i.Timer4A_Handler)
    i.Timer5A_Handler                        0x000010b4   Section        0  timer5a.o(i.Timer5A_Handler)
    i.Tx5Fifo_Get                            0x000010cc   Section        0  esp8266.o(i.Tx5Fifo_Get)
    i.Tx5Fifo_Init                           0x00001104   Section        0  esp8266.o(i.Tx5Fifo_Init)
    i.Tx5Fifo_Put                            0x00001128   Section        0  esp8266.o(i.Tx5Fifo_Put)
    i.Tx5Fifo_Size                           0x00001164   Section        0  esp8266.o(i.Tx5Fifo_Size)
    i.TxFifo_Get                             0x00001178   Section        0  uart.o(i.TxFifo_Get)
    i.TxFifo_Init                            0x000011b4   Section        0  uart.o(i.TxFifo_Init)
    i.TxFifo_Put                             0x000011d8   Section        0  uart.o(i.TxFifo_Put)
    i.TxFifo_Size                            0x00001214   Section        0  uart.o(i.TxFifo_Size)
    i.UART0_Handler                          0x00001228   Section        0  uart.o(i.UART0_Handler)
    i.UART5_Handler                          0x00001280   Section        0  esp8266.o(i.UART5_Handler)
    i.UART5_Init                             0x000012d8   Section        0  esp8266.o(i.UART5_Init)
    i.UART_Init                              0x000013b0   Section        0  uart.o(i.UART_Init)
    i.UART_OutChar                           0x0000147c   Section        0  uart.o(i.UART_OutChar)
    i.UART_OutString                         0x000014b0   Section        0  uart.o(i.UART_OutString)
    i.copyHardwareToSoftware                 0x000014c8   Section        0  uart.o(i.copyHardwareToSoftware)
    copyHardwareToSoftware                   0x000014c9   Thumb Code    36  uart.o(i.copyHardwareToSoftware)
    i.copyHardwareToSoftware5                0x000014f0   Section        0  esp8266.o(i.copyHardwareToSoftware5)
    copyHardwareToSoftware5                  0x000014f1   Thumb Code    36  esp8266.o(i.copyHardwareToSoftware5)
    i.copySoftwareToHardware                 0x00001518   Section        0  uart.o(i.copySoftwareToHardware)
    copySoftwareToHardware                   0x00001519   Thumb Code    38  uart.o(i.copySoftwareToHardware)
    i.copySoftwareToHardware5                0x00001544   Section        0  esp8266.o(i.copySoftwareToHardware5)
    copySoftwareToHardware5                  0x00001545   Thumb Code    38  esp8266.o(i.copySoftwareToHardware5)
    i.main                                   0x00001570   Section        0  safebox.o(i.main)
    locale$$code                             0x000015e8   Section       44  lc_ctype_c.o(locale$$code)
    locale$$data                             0x00001634   Section      272  lc_ctype_c.o(locale$$data)
    __lcctype_c_name                         0x00001638   Data           2  lc_ctype_c.o(locale$$data)
    __lcctype_c_start                        0x00001640   Data           0  lc_ctype_c.o(locale$$data)
    __lcctype_c_end                          0x00001744   Data           0  lc_ctype_c.o(locale$$data)
    .data                                    0x20000000   Section       36  blynk.o(.data)
    .data                                    0x20000024   Section      148  esp8266.o(.data)
    .data                                    0x200000b8   Section        4  timer0a.o(.data)
    .data                                    0x200000bc   Section        4  timer2.o(.data)
    .data                                    0x200000c0   Section        4  timer3.o(.data)
    .data                                    0x200000c4   Section        4  timer4a.o(.data)
    .data                                    0x200000c8   Section        4  timer5a.o(.data)
    .data                                    0x200000cc   Section       16  uart.o(.data)
    .data                                    0x200000dc   Section        4  strtok.o(.data)
    _strtok_saves1                           0x200000dc   Data           4  strtok.o(.data)
    .bss                                     0x200000e0   Section       64  blynk.o(.bss)
    .bss                                     0x20000120   Section      832  esp8266.o(.bss)
    Tx5Fifo                                  0x20000360   Data         256  esp8266.o(.bss)
    .bss                                     0x20000460   Section      128  uart.o(.bss)
    RxFifo                                   0x20000460   Data          64  uart.o(.bss)
    TxFifo                                   0x200004a0   Data          64  uart.o(.bss)
    .bss                                     0x200004e0   Section       96  libspace.o(.bss)
    HEAP                                     0x20000540   Section        0  startup.o(HEAP)
    STACK                                    0x20000540   Section     1024  startup.o(STACK)
    HeapMem                                  0x20000540   Data           0  startup.o(HEAP)
    StackMem                                 0x20000540   Data           0  startup.o(STACK)

    Global Symbols

    Symbol Name                              Value     Ov Type        Size  Object(Section)

    BuildAttributes$$THM_ISAv4$E$P$D$K$B$S$7EM$PE$A:L22UL41UL21$X:L11$S22US41US21$IEEE1$IW$USESV6$~STKCKD$USESV7$~SHL$OSPACE$ROPI$EBA8$UX$STANDARDLIB$REQ8$PRES8$EABIv2 0x00000000   Number         0  anon$$obj.o ABSOLUTE
    __ARM_use_no_argv                        0x00000000   Number         0  safebox.o ABSOLUTE
    __Vectors                                0x00000000   Data           0  startup.o(RESET)
    __ARM_exceptions_init                     - Undefined Weak Reference
    __alloca_initialize                       - Undefined Weak Reference
    __arm_preinit_                            - Undefined Weak Reference
    __cpp_initialize__aeabi_                  - Undefined Weak Reference
    __cxa_finalize                            - Undefined Weak Reference
    __sigvec_lookup                           - Undefined Weak Reference
    _atexit_init                              - Undefined Weak Reference
    _call_atexit_fns                          - Undefined Weak Reference
    _clock_init                               - Undefined Weak Reference
    _fp_trap_init                             - Undefined Weak Reference
    _fp_trap_shutdown                         - Undefined Weak Reference
    _get_lc_collate                           - Undefined Weak Reference
    _get_lc_monetary                          - Undefined Weak Reference
    _get_lc_numeric                           - Undefined Weak Reference
    _get_lc_time                              - Undefined Weak Reference
    _getenv_init                              - Undefined Weak Reference
    _handle_redirection                       - Undefined Weak Reference
    _init_alloc                               - Undefined Weak Reference
    _init_user_alloc                          - Undefined Weak Reference
    _initio                                   - Undefined Weak Reference
    _rand_init                                - Undefined Weak Reference
    _signal_finish                            - Undefined Weak Reference
    _signal_init                              - Undefined Weak Reference
    _terminate_alloc                          - Undefined Weak Reference
    _terminate_user_alloc                     - Undefined Weak Reference
    _terminateio                              - Undefined Weak Reference
    Reset_Handler                            0x0000026d   Thumb Code     0  startup.o(RESET)
    NMI_Handler                              0x00000271   Thumb Code     2  startup.o(RESET)
    HardFault_Handler                        0x00000273   Thumb Code     2  startup.o(RESET)
    MemManage_Handler                        0x00000275   Thumb Code     2  startup.o(RESET)
    BusFault_Handler                         0x00000277   Thumb Code     2  startup.o(RESET)
    UsageFault_Handler                       0x00000279   Thumb Code     2  startup.o(RESET)
    SVC_Handler                              0x0000027b   Thumb Code     2  startup.o(RESET)
    DebugMon_Handler                         0x0000027d   Thumb Code     2  startup.o(RESET)
    PendSV_Handler                           0x0000027f   Thumb Code     2  startup.o(RESET)
    SysTick_Handler                          0x00000281   Thumb Code     2  startup.o(RESET)
    ADC0Seq0_Handler                         0x00000283   Thumb Code     0  startup.o(RESET)
    ADC0Seq1_Handler                         0x00000283   Thumb Code     0  startup.o(RESET)
    ADC0Seq2_Handler                         0x00000283   Thumb Code     0  startup.o(RESET)
    ADC0Seq3_Handler                         0x00000283   Thumb Code     0  startup.o(RESET)
    ADC1Seq0_Handler                         0x00000283   Thumb Code     0  startup.o(RESET)
    ADC1Seq1_Handler                         0x00000283   Thumb Code     0  startup.o(RESET)
    ADC1Seq2_Handler                         0x00000283   Thumb Code     0  startup.o(RESET)
    ADC1Seq3_Handler                         0x00000283   Thumb Code     0  startup.o(RESET)
    CAN0_Handler                             0x00000283   Thumb Code     0  startup.o(RESET)
    CAN1_Handler                             0x00000283   Thumb Code     0  startup.o(RESET)
    CAN2_Handler                             0x00000283   Thumb Code     0  startup.o(RESET)
    Comp0_Handler                            0x00000283   Thumb Code     0  startup.o(RESET)
    Comp1_Handler                            0x00000283   Thumb Code     0  startup.o(RESET)
    Comp2_Handler                            0x00000283   Thumb Code     0  startup.o(RESET)
    Ethernet_Handler                         0x00000283   Thumb Code     0  startup.o(RESET)
    ExtBus_Handler                           0x00000283   Thumb Code     0  startup.o(RESET)
    FPU_Handler                              0x00000283   Thumb Code     0  startup.o(RESET)
    Fan0_Handler                             0x00000283   Thumb Code     0  startup.o(RESET)
    FlashCtl_Handler                         0x00000283   Thumb Code     0  startup.o(RESET)
    GPIOPortA_Handler                        0x00000283   Thumb Code     0  startup.o(RESET)
    GPIOPortB_Handler                        0x00000283   Thumb Code     0  startup.o(RESET)
    GPIOPortC_Handler                        0x00000283   Thumb Code     0  startup.o(RESET)
    GPIOPortD_Handler                        0x00000283   Thumb Code     0  startup.o(RESET)
    GPIOPortE_Handler                        0x00000283   Thumb Code     0  startup.o(RESET)
    GPIOPortF_Handler                        0x00000283   Thumb Code     0  startup.o(RESET)
    GPIOPortG_Handler                        0x00000283   Thumb Code     0  startup.o(RESET)
    GPIOPortH_Handler                        0x00000283   Thumb Code     0  startup.o(RESET)
    GPIOPortJ_Handler                        0x00000283   Thumb Code     0  startup.o(RESET)
    GPIOPortK_Handler                        0x00000283   Thumb Code     0  startup.o(RESET)
    GPIOPortL_Handler                        0x00000283   Thumb Code     0  startup.o(RESET)
    GPIOPortM_Handler                        0x00000283   Thumb Code     0  startup.o(RESET)
    GPIOPortN_Handler                        0x00000283   Thumb Code     0  startup.o(RESET)
    GPIOPortP1_Handler                       0x00000283   Thumb Code     0  startup.o(RESET)
    GPIOPortP2_Handler                       0x00000283   Thumb Code     0  startup.o(RESET)
    GPIOPortP3_Handler                       0x00000283   Thumb Code     0  startup.o(RESET)
    GPIOPortP4_Handler                       0x00000283   Thumb Code     0  startup.o(RESET)
    GPIOPortP5_Handler                       0x00000283   Thumb Code     0  startup.o(RESET)
    GPIOPortP6_Handler                       0x00000283   Thumb Code     0  startup.o(RESET)
    GPIOPortP7_Handler                       0x00000283   Thumb Code     0  startup.o(RESET)
    GPIOPortP_Handler                        0x00000283   Thumb Code     0  startup.o(RESET)
    GPIOPortQ1_Handler                       0x00000283   Thumb Code     0  startup.o(RESET)
    GPIOPortQ2_Handler                       0x00000283   Thumb Code     0  startup.o(RESET)
    GPIOPortQ3_Handler                       0x00000283   Thumb Code     0  startup.o(RESET)
    GPIOPortQ4_Handler                       0x00000283   Thumb Code     0  startup.o(RESET)
    GPIOPortQ5_Handler                       0x00000283   Thumb Code     0  startup.o(RESET)
    GPIOPortQ6_Handler                       0x00000283   Thumb Code     0  startup.o(RESET)
    GPIOPortQ7_Handler                       0x00000283   Thumb Code     0  startup.o(RESET)
    GPIOPortQ_Handler                        0x00000283   Thumb Code     0  startup.o(RESET)
    GPIOPortR_Handler                        0x00000283   Thumb Code     0  startup.o(RESET)
    GPIOPortS_Handler                        0x00000283   Thumb Code     0  startup.o(RESET)
    Hibernate_Handler                        0x00000283   Thumb Code     0  startup.o(RESET)
    I2C0_Handler                             0x00000283   Thumb Code     0  startup.o(RESET)
    I2C1_Handler                             0x00000283   Thumb Code     0  startup.o(RESET)
    I2C2_Handler                             0x00000283   Thumb Code     0  startup.o(RESET)
    I2C3_Handler                             0x00000283   Thumb Code     0  startup.o(RESET)
    I2C4_Handler                             0x00000283   Thumb Code     0  startup.o(RESET)
    I2C5_Handler                             0x00000283   Thumb Code     0  startup.o(RESET)
    I2S0_Handler                             0x00000283   Thumb Code     0  startup.o(RESET)
    LPC0_Handler                             0x00000283   Thumb Code     0  startup.o(RESET)
    PECI0_Handler                            0x00000283   Thumb Code     0  startup.o(RESET)
    PWM0Fault_Handler                        0x00000283   Thumb Code     0  startup.o(RESET)
    PWM0Generator0_Handler                   0x00000283   Thumb Code     0  startup.o(RESET)
    PWM0Generator1_Handler                   0x00000283   Thumb Code     0  startup.o(RESET)
    PWM0Generator2_Handler                   0x00000283   Thumb Code     0  startup.o(RESET)
    PWM0Generator3_Handler                   0x00000283   Thumb Code     0  startup.o(RESET)
    PWM1Fault_Handler                        0x00000283   Thumb Code     0  startup.o(RESET)
    PWM1Generator0_Handler                   0x00000283   Thumb Code     0  startup.o(RESET)
    PWM1Generator1_Handler                   0x00000283   Thumb Code     0  startup.o(RESET)
    PWM1Generator2_Handler                   0x00000283   Thumb Code     0  startup.o(RESET)
    PWM1Generator3_Handler                   0x00000283   Thumb Code     0  startup.o(RESET)
    Quadrature0_Handler                      0x00000283   Thumb Code     0  startup.o(RESET)
    Quadrature1_Handler                      0x00000283   Thumb Code     0  startup.o(RESET)
    Quadrature2_Handler                      0x00000283   Thumb Code     0  startup.o(RESET)
    SSI0_Handler                             0x00000283   Thumb Code     0  startup.o(RESET)
    SSI1_Handler                             0x00000283   Thumb Code     0  startup.o(RESET)
    SSI2_Handler                             0x00000283   Thumb Code     0  startup.o(RESET)
    SSI3_Handler                             0x00000283   Thumb Code     0  startup.o(RESET)
    SysCtl_Handler                           0x00000283   Thumb Code     0  startup.o(RESET)
    Timer0B_Handler                          0x00000283   Thumb Code     0  startup.o(RESET)
    Timer1A_Handler                          0x00000283   Thumb Code     0  startup.o(RESET)
    Timer1B_Handler                          0x00000283   Thumb Code     0  startup.o(RESET)
    Timer2B_Handler                          0x00000283   Thumb Code     0  startup.o(RESET)
    Timer3B_Handler                          0x00000283   Thumb Code     0  startup.o(RESET)
    Timer4B_Handler                          0x00000283   Thumb Code     0  startup.o(RESET)
    Timer5B_Handler                          0x00000283   Thumb Code     0  startup.o(RESET)
    UART1_Handler                            0x00000283   Thumb Code     0  startup.o(RESET)
    UART2_Handler                            0x00000283   Thumb Code     0  startup.o(RESET)
    UART3_Handler                            0x00000283   Thumb Code     0  startup.o(RESET)
    UART4_Handler                            0x00000283   Thumb Code     0  startup.o(RESET)
    UART6_Handler                            0x00000283   Thumb Code     0  startup.o(RESET)
    UART7_Handler                            0x00000283   Thumb Code     0  startup.o(RESET)
    USB0_Handler                             0x00000283   Thumb Code     0  startup.o(RESET)
    WDT_Handler                              0x00000283   Thumb Code     0  startup.o(RESET)
    WideTimer0A_Handler                      0x00000283   Thumb Code     0  startup.o(RESET)
    WideTimer0B_Handler                      0x00000283   Thumb Code     0  startup.o(RESET)
    WideTimer1A_Handler                      0x00000283   Thumb Code     0  startup.o(RESET)
    WideTimer1B_Handler                      0x00000283   Thumb Code     0  startup.o(RESET)
    WideTimer2A_Handler                      0x00000283   Thumb Code     0  startup.o(RESET)
    WideTimer2B_Handler                      0x00000283   Thumb Code     0  startup.o(RESET)
    WideTimer3A_Handler                      0x00000283   Thumb Code     0  startup.o(RESET)
    WideTimer3B_Handler                      0x00000283   Thumb Code     0  startup.o(RESET)
    WideTimer4A_Handler                      0x00000283   Thumb Code     0  startup.o(RESET)
    WideTimer4B_Handler                      0x00000283   Thumb Code     0  startup.o(RESET)
    WideTimer5A_Handler                      0x00000283   Thumb Code     0  startup.o(RESET)
    WideTimer5B_Handler                      0x00000283   Thumb Code     0  startup.o(RESET)
    uDMA_Error                               0x00000283   Thumb Code     0  startup.o(RESET)
    uDMA_Handler                             0x00000283   Thumb Code     0  startup.o(RESET)
    __main                                   0x00000285   Thumb Code     8  __main.o(!!!main)
    __scatterload                            0x0000028d   Thumb Code     0  __scatter.o(!!!scatter)
    __scatterload_rt2                        0x0000028d   Thumb Code    44  __scatter.o(!!!scatter)
    __scatterload_rt2_thumb_only             0x0000028d   Thumb Code     0  __scatter.o(!!!scatter)
    __scatterload_null                       0x0000029b   Thumb Code     0  __scatter.o(!!!scatter)
    __scatterload_copy                       0x000002c1   Thumb Code    26  __scatter_copy.o(!!handler_copy)
    __scatterload_zeroinit                   0x000002dd   Thumb Code    28  __scatter_zi.o(!!handler_zi)
    __rt_lib_init                            0x000002f9   Thumb Code     0  libinit.o(.ARM.Collect$$libinit$$00000000)
    __rt_lib_init_fp_1                       0x000002fb   Thumb Code     0  libinit2.o(.ARM.Collect$$libinit$$00000002)
    __rt_lib_init_heap_1                     0x000002fb   Thumb Code     0  libinit2.o(.ARM.Collect$$libinit$$0000000A)
    __rt_lib_init_lc_common                  0x000002fb   Thumb Code     0  libinit2.o(.ARM.Collect$$libinit$$0000000F)
    __rt_lib_init_preinit_1                  0x000002fb   Thumb Code     0  libinit2.o(.ARM.Collect$$libinit$$00000004)
    __rt_lib_init_rand_1                     0x000002fb   Thumb Code     0  libinit2.o(.ARM.Collect$$libinit$$0000000E)
    __rt_lib_init_user_alloc_1               0x000002fb   Thumb Code     0  libinit2.o(.ARM.Collect$$libinit$$0000000C)
    __rt_lib_init_lc_collate_1               0x00000301   Thumb Code     0  libinit2.o(.ARM.Collect$$libinit$$00000011)
    __rt_lib_init_lc_ctype_2                 0x00000301   Thumb Code     0  libinit2.o(.ARM.Collect$$libinit$$00000012)
    __rt_lib_init_alloca_1                   0x0000030d   Thumb Code     0  libinit2.o(.ARM.Collect$$libinit$$0000002E)
    __rt_lib_init_argv_1                     0x0000030d   Thumb Code     0  libinit2.o(.ARM.Collect$$libinit$$0000002C)
    __rt_lib_init_atexit_1                   0x0000030d   Thumb Code     0  libinit2.o(.ARM.Collect$$libinit$$0000001B)
    __rt_lib_init_clock_1                    0x0000030d   Thumb Code     0  libinit2.o(.ARM.Collect$$libinit$$00000021)
    __rt_lib_init_cpp_1                      0x0000030d   Thumb Code     0  libinit2.o(.ARM.Collect$$libinit$$00000032)
    __rt_lib_init_exceptions_1               0x0000030d   Thumb Code     0  libinit2.o(.ARM.Collect$$libinit$$00000030)
    __rt_lib_init_fp_trap_1                  0x0000030d   Thumb Code     0  libinit2.o(.ARM.Collect$$libinit$$0000001F)
    __rt_lib_init_getenv_1                   0x0000030d   Thumb Code     0  libinit2.o(.ARM.Collect$$libinit$$00000023)
    __rt_lib_init_lc_ctype_1                 0x0000030d   Thumb Code     0  libinit2.o(.ARM.Collect$$libinit$$00000013)
    __rt_lib_init_lc_monetary_1              0x0000030d   Thumb Code     0  libinit2.o(.ARM.Collect$$libinit$$00000015)
    __rt_lib_init_lc_numeric_1               0x0000030d   Thumb Code     0  libinit2.o(.ARM.Collect$$libinit$$00000017)
    __rt_lib_init_lc_time_1                  0x0000030d   Thumb Code     0  libinit2.o(.ARM.Collect$$libinit$$00000019)
    __rt_lib_init_return                     0x0000030d   Thumb Code     0  libinit2.o(.ARM.Collect$$libinit$$00000033)
    __rt_lib_init_signal_1                   0x0000030d   Thumb Code     0  libinit2.o(.ARM.Collect$$libinit$$0000001D)
    __rt_lib_init_stdio_1                    0x0000030d   Thumb Code     0  libinit2.o(.ARM.Collect$$libinit$$00000025)
    __rt_lib_shutdown                        0x0000030f   Thumb Code     0  libshutdown.o(.ARM.Collect$$libshutdown$$00000000)
    __rt_lib_shutdown_cpp_1                  0x00000311   Thumb Code     0  libshutdown2.o(.ARM.Collect$$libshutdown$$00000002)
    __rt_lib_shutdown_fp_trap_1              0x00000311   Thumb Code     0  libshutdown2.o(.ARM.Collect$$libshutdown$$00000007)
    __rt_lib_shutdown_heap_1                 0x00000311   Thumb Code     0  libshutdown2.o(.ARM.Collect$$libshutdown$$0000000F)
    __rt_lib_shutdown_return                 0x00000311   Thumb Code     0  libshutdown2.o(.ARM.Collect$$libshutdown$$00000010)
    __rt_lib_shutdown_signal_1               0x00000311   Thumb Code     0  libshutdown2.o(.ARM.Collect$$libshutdown$$0000000A)
    __rt_lib_shutdown_stdio_1                0x00000311   Thumb Code     0  libshutdown2.o(.ARM.Collect$$libshutdown$$00000004)
    __rt_lib_shutdown_user_alloc_1           0x00000311   Thumb Code     0  libshutdown2.o(.ARM.Collect$$libshutdown$$0000000C)
    __rt_entry                               0x00000313   Thumb Code     0  __rtentry.o(.ARM.Collect$$rtentry$$00000000)
    __rt_entry_presh_1                       0x00000313   Thumb Code     0  __rtentry2.o(.ARM.Collect$$rtentry$$00000002)
    __rt_entry_sh                            0x00000313   Thumb Code     0  __rtentry4.o(.ARM.Collect$$rtentry$$00000004)
    __rt_entry_li                            0x00000319   Thumb Code     0  __rtentry2.o(.ARM.Collect$$rtentry$$0000000A)
    __rt_entry_postsh_1                      0x00000319   Thumb Code     0  __rtentry2.o(.ARM.Collect$$rtentry$$00000009)
    __rt_entry_main                          0x0000031d   Thumb Code     0  __rtentry2.o(.ARM.Collect$$rtentry$$0000000D)
    __rt_entry_postli_1                      0x0000031d   Thumb Code     0  __rtentry2.o(.ARM.Collect$$rtentry$$0000000C)
    __rt_exit                                0x00000325   Thumb Code     0  rtexit.o(.ARM.Collect$$rtexit$$00000000)
    __rt_exit_ls                             0x00000327   Thumb Code     0  rtexit2.o(.ARM.Collect$$rtexit$$00000003)
    __rt_exit_prels_1                        0x00000327   Thumb Code     0  rtexit2.o(.ARM.Collect$$rtexit$$00000002)
    __rt_exit_exit                           0x0000032b   Thumb Code     0  rtexit2.o(.ARM.Collect$$rtexit$$00000004)
    Clock_Delay                              0x00000331   Thumb Code     6  cortexm.o(.emb_text)
    DisableInterrupts                        0x00000339   Thumb Code     0  startup.o(.text)
    EnableInterrupts                         0x0000033d   Thumb Code     0  startup.o(.text)
    StartCritical                            0x00000341   Thumb Code     0  startup.o(.text)
    EndCritical                              0x00000349   Thumb Code     0  startup.o(.text)
    WaitForInterrupt                         0x0000034f   Thumb Code     0  startup.o(.text)
    __user_initial_stackheap                 0x00000353   Thumb Code     0  startup.o(.text)
    atoi                                     0x00000369   Thumb Code    26  atoi.o(.text)
    strtok                                   0x00000385   Thumb Code     6  strtok.o(.text)
    strcpy                                   0x00000391   Thumb Code    72  strcpy.o(.text)
    __use_two_region_memory                  0x000003d9   Thumb Code     2  heapauxi.o(.text)
    __rt_heap_escrow$2region                 0x000003db   Thumb Code     2  heapauxi.o(.text)
    __rt_heap_expand$2region                 0x000003dd   Thumb Code     2  heapauxi.o(.text)
    __aeabi_errno_addr                       0x000003e1   Thumb Code     8  rt_errno_addr_intlibspace.o(.text)
    __errno$intlibspace                      0x000003e1   Thumb Code     0  rt_errno_addr_intlibspace.o(.text)
    __rt_errno_addr$intlibspace              0x000003e1   Thumb Code     0  rt_errno_addr_intlibspace.o(.text)
    strtol                                   0x000003e9   Thumb Code   112  strtol.o(.text)
    __strtok_internal                        0x00000459   Thumb Code    64  strtok_int.o(.text)
    __user_libspace                          0x0000049d   Thumb Code     8  libspace.o(.text)
    __user_perproc_libspace                  0x0000049d   Thumb Code     0  libspace.o(.text)
    __user_perthread_libspace                0x0000049d   Thumb Code     0  libspace.o(.text)
    __rt_ctype_table                         0x000004a5   Thumb Code    16  rt_ctype_table.o(.text)
    _strtoul                                 0x000004b5   Thumb Code   158  _strtoul.o(.text)
    strcspn                                  0x00000553   Thumb Code    32  strcspn.o(.text)
    strspn                                   0x00000573   Thumb Code    28  strspn.o(.text)
    __user_setup_stackheap                   0x0000058f   Thumb Code    74  sys_stackheap_outer.o(.text)
    __rt_locale                              0x000005d9   Thumb Code     8  rt_locale_intlibspace.o(.text)
    _chval                                   0x000005e1   Thumb Code    28  _chval.o(.text)
    exit                                     0x000005fd   Thumb Code    18  exit.o(.text)
    strcmp                                   0x00000611   Thumb Code   128  strcmpv7m.o(.text)
    _sys_exit                                0x00000691   Thumb Code     8  sys_exit.o(.text)
    __I$use$semihosting                      0x0000069d   Thumb Code     0  use_no_semi.o(.text)
    __use_no_semihosting_swi                 0x0000069d   Thumb Code     2  use_no_semi.o(.text)
    __semihosting_library_function           0x0000069f   Thumb Code     0  indicate_semi.o(.text)
    Blynk_to_TM4C                            0x000006a1   Thumb Code   190  blynk.o(i.Blynk_to_TM4C)
    Clock_Delay1ms                           0x000007b9   Thumb Code    22  cortexm.o(i.Clock_Delay1ms)
    CloseLatch                               0x000007cf   Thumb Code    20  latch.o(i.CloseLatch)
    DelayMs                                  0x000007e3   Thumb Code    32  esp8266.o(i.DelayMs)
    ESP8266_GetMessage                       0x00000805   Thumb Code    66  esp8266.o(i.ESP8266_GetMessage)
    ESP8266_Init                             0x00000855   Thumb Code   120  esp8266.o(i.ESP8266_Init)
    ESP8266_OutChar                          0x000008dd   Thumb Code    46  esp8266.o(i.ESP8266_OutChar)
    ESP8266_OutString                        0x00000911   Thumb Code    24  esp8266.o(i.ESP8266_OutString)
    ESP8266_OutUDec                          0x00000929   Thumb Code    42  esp8266.o(i.ESP8266_OutUDec)
    ESP8266_Reset                            0x00000955   Thumb Code    68  esp8266.o(i.ESP8266_Reset)
    ESP8266_SetupWiFi                        0x00000a4d   Thumb Code   182  esp8266.o(i.ESP8266_SetupWiFi)
    LatchInit                                0x00000bc5   Thumb Code    24  latch.o(i.LatchInit)
    OpenLatch                                0x00000bdd   Thumb Code    20  latch.o(i.OpenLatch)
    PLL_Init                                 0x00000bf1   Thumb Code   120  pll.o(i.PLL_Init)
    PWM0A_Duty                               0x00000c6d   Thumb Code     8  pwm.o(i.PWM0A_Duty)
    PWM0A_Init                               0x00000c79   Thumb Code   160  pwm.o(i.PWM0A_Init)
    PortF_Init                               0x00000d31   Thumb Code    74  portf.o(i.PortF_Init)
    PortF_Input                              0x00000d8d   Thumb Code    10  portf.o(i.PortF_Input)
    PortF_Output                             0x00000d9d   Thumb Code     6  portf.o(i.PortF_Output)
    Rx5Fifo_Init                             0x00000da9   Thumb Code    30  esp8266.o(i.Rx5Fifo_Init)
    Rx5Fifo_Put                              0x00000dd5   Thumb Code   192  esp8266.o(i.Rx5Fifo_Put)
    Rx5Fifo_Size                             0x00000ea5   Thumb Code    12  esp8266.o(i.Rx5Fifo_Size)
    RxFifo_Init                              0x00000eb9   Thumb Code    26  uart.o(i.RxFifo_Init)
    RxFifo_Put                               0x00000edd   Thumb Code    48  uart.o(i.RxFifo_Put)
    RxFifo_Size                              0x00000f19   Thumb Code    12  uart.o(i.RxFifo_Size)
    SendInformation                          0x00000f2d   Thumb Code    36  blynk.o(i.SendInformation)
    TM4C_to_Blynk                            0x00000f5d   Thumb Code    50  blynk.o(i.TM4C_to_Blynk)
    Timer0A_Handler                          0x00000f99   Thumb Code    16  timer0a.o(i.Timer0A_Handler)
    Timer2A_Handler                          0x00000fb1   Thumb Code    16  timer2.o(i.Timer2A_Handler)
    Timer2_Init                              0x00000fc9   Thumb Code    74  timer2.o(i.Timer2_Init)
    Timer3A_Handler                          0x00001029   Thumb Code    16  timer3.o(i.Timer3A_Handler)
    Timer3_Init                              0x00001041   Thumb Code    72  timer3.o(i.Timer3_Init)
    Timer4A_Handler                          0x0000109d   Thumb Code    16  timer4a.o(i.Timer4A_Handler)
    Timer5A_Handler                          0x000010b5   Thumb Code    16  timer5a.o(i.Timer5A_Handler)
    Tx5Fifo_Get                              0x000010cd   Thumb Code    44  esp8266.o(i.Tx5Fifo_Get)
    Tx5Fifo_Init                             0x00001105   Thumb Code    26  esp8266.o(i.Tx5Fifo_Init)
    Tx5Fifo_Put                              0x00001129   Thumb Code    46  esp8266.o(i.Tx5Fifo_Put)
    Tx5Fifo_Size                             0x00001165   Thumb Code    12  esp8266.o(i.Tx5Fifo_Size)
    TxFifo_Get                               0x00001179   Thumb Code    46  uart.o(i.TxFifo_Get)
    TxFifo_Init                              0x000011b5   Thumb Code    26  uart.o(i.TxFifo_Init)
    TxFifo_Put                               0x000011d9   Thumb Code    48  uart.o(i.TxFifo_Put)
    TxFifo_Size                              0x00001215   Thumb Code    12  uart.o(i.TxFifo_Size)
    UART0_Handler                            0x00001229   Thumb Code    82  uart.o(i.UART0_Handler)
    UART5_Handler                            0x00001281   Thumb Code    82  esp8266.o(i.UART5_Handler)
    UART5_Init                               0x000012d9   Thumb Code   190  esp8266.o(i.UART5_Init)
    UART_Init                                0x000013b1   Thumb Code   180  uart.o(i.UART_Init)
    UART_OutChar                             0x0000147d   Thumb Code    46  uart.o(i.UART_OutChar)
    UART_OutString                           0x000014b1   Thumb Code    24  uart.o(i.UART_OutString)
    main                                     0x00001571   Thumb Code    70  safebox.o(i.main)
    _get_lc_ctype                            0x000015e9   Thumb Code    44  lc_ctype_c.o(locale$$code)
    Region$$Table$$Base                      0x00001614   Number         0  anon$$obj.o(Region$$Table)
    Region$$Table$$Limit                     0x00001634   Number         0  anon$$obj.o(Region$$Table)
    __ctype                                  0x00001641   Data           0  lc_ctype_c.o(locale$$data)
    LED                                      0x20000000   Data           4  blynk.o(.data)
    LastF                                    0x20000004   Data           4  blynk.o(.data)
    Pin_Number                               0x20000008   Data           2  blynk.o(.data)
    Pin_Integer                              0x2000000a   Data           8  blynk.o(.data)
    Pin_Float                                0x20000012   Data           8  blynk.o(.data)
    pin_num                                  0x2000001c   Data           4  blynk.o(.data)
    pin_int                                  0x20000020   Data           4  blynk.o(.data)
    ssid                                     0x20000024   Data          32  esp8266.o(.data)
    pass                                     0x20000044   Data          32  esp8266.o(.data)
    auth                                     0x20000064   Data          64  esp8266.o(.data)
    Rx5PutI                                  0x200000a4   Data           4  esp8266.o(.data)
    Rx5PutJ                                  0x200000a8   Data           4  esp8266.o(.data)
    Rx5GetI                                  0x200000ac   Data           4  esp8266.o(.data)
    Tx5PutI                                  0x200000b0   Data           4  esp8266.o(.data)
    Tx5GetI                                  0x200000b4   Data           4  esp8266.o(.data)
    PeriodicTask0                            0x200000b8   Data           4  timer0a.o(.data)
    PeriodicTask2                            0x200000bc   Data           4  timer2.o(.data)
    PeriodicTask3                            0x200000c0   Data           4  timer3.o(.data)
    PeriodicTask4                            0x200000c4   Data           4  timer4a.o(.data)
    PeriodicTask5                            0x200000c8   Data           4  timer5a.o(.data)
    RxPutI                                   0x200000cc   Data           4  uart.o(.data)
    RxGetI                                   0x200000d0   Data           4  uart.o(.data)
    TxPutI                                   0x200000d4   Data           4  uart.o(.data)
    TxGetI                                   0x200000d8   Data           4  uart.o(.data)
    serial_buf                               0x200000e0   Data          64  blynk.o(.bss)
    Rx5Fifo                                  0x20000120   Data         512  esp8266.o(.bss)
    RxMessage                                0x20000320   Data          64  esp8266.o(.bss)
    __libspace_start                         0x200004e0   Data          96  libspace.o(.bss)
    __temporary_stack_top$libspace           0x20000540   Data           0  libspace.o(.bss)



==============================================================================

Memory Map of the image

  Image Entry point : 0x00000285

  Load Region LR_IROM1 (Base: 0x00000000, Size: 0x00001824, Max: 0x00040000, ABSOLUTE)

    Execution Region ER_IROM1 (Exec base: 0x00000000, Load base: 0x00000000, Size: 0x00001744, Max: 0x00040000, ABSOLUTE)

    Exec Addr    Load Addr    Size         Type   Attr      Idx    E Section Name        Object

    0x00000000   0x00000000   0x00000284   Code   RO          867    RESET               startup.o
    0x00000284   0x00000284   0x00000008   Code   RO          968  * !!!main             c_w.l(__main.o)
    0x0000028c   0x0000028c   0x00000034   Code   RO         1154    !!!scatter          c_w.l(__scatter.o)
    0x000002c0   0x000002c0   0x0000001a   Code   RO         1156    !!handler_copy      c_w.l(__scatter_copy.o)
    0x000002da   0x000002da   0x00000002   PAD
    0x000002dc   0x000002dc   0x0000001c   Code   RO         1158    !!handler_zi        c_w.l(__scatter_zi.o)
    0x000002f8   0x000002f8   0x00000002   Code   RO         1025    .ARM.Collect$$libinit$$00000000  c_w.l(libinit.o)
    0x000002fa   0x000002fa   0x00000000   Code   RO         1031    .ARM.Collect$$libinit$$00000002  c_w.l(libinit2.o)
    0x000002fa   0x000002fa   0x00000000   Code   RO         1033    .ARM.Collect$$libinit$$00000004  c_w.l(libinit2.o)
    0x000002fa   0x000002fa   0x00000000   Code   RO         1036    .ARM.Collect$$libinit$$0000000A  c_w.l(libinit2.o)
    0x000002fa   0x000002fa   0x00000000   Code   RO         1038    .ARM.Collect$$libinit$$0000000C  c_w.l(libinit2.o)
    0x000002fa   0x000002fa   0x00000000   Code   RO         1040    .ARM.Collect$$libinit$$0000000E  c_w.l(libinit2.o)
    0x000002fa   0x000002fa   0x00000006   Code   RO         1041    .ARM.Collect$$libinit$$0000000F  c_w.l(libinit2.o)
    0x00000300   0x00000300   0x00000000   Code   RO         1043    .ARM.Collect$$libinit$$00000011  c_w.l(libinit2.o)
    0x00000300   0x00000300   0x0000000c   Code   RO         1044    .ARM.Collect$$libinit$$00000012  c_w.l(libinit2.o)
    0x0000030c   0x0000030c   0x00000000   Code   RO         1045    .ARM.Collect$$libinit$$00000013  c_w.l(libinit2.o)
    0x0000030c   0x0000030c   0x00000000   Code   RO         1047    .ARM.Collect$$libinit$$00000015  c_w.l(libinit2.o)
    0x0000030c   0x0000030c   0x00000000   Code   RO         1049    .ARM.Collect$$libinit$$00000017  c_w.l(libinit2.o)
    0x0000030c   0x0000030c   0x00000000   Code   RO         1051    .ARM.Collect$$libinit$$00000019  c_w.l(libinit2.o)
    0x0000030c   0x0000030c   0x00000000   Code   RO         1053    .ARM.Collect$$libinit$$0000001B  c_w.l(libinit2.o)
    0x0000030c   0x0000030c   0x00000000   Code   RO         1055    .ARM.Collect$$libinit$$0000001D  c_w.l(libinit2.o)
    0x0000030c   0x0000030c   0x00000000   Code   RO         1057    .ARM.Collect$$libinit$$0000001F  c_w.l(libinit2.o)
    0x0000030c   0x0000030c   0x00000000   Code   RO         1059    .ARM.Collect$$libinit$$00000021  c_w.l(libinit2.o)
    0x0000030c   0x0000030c   0x00000000   Code   RO         1061    .ARM.Collect$$libinit$$00000023  c_w.l(libinit2.o)
    0x0000030c   0x0000030c   0x00000000   Code   RO         1063    .ARM.Collect$$libinit$$00000025  c_w.l(libinit2.o)
    0x0000030c   0x0000030c   0x00000000   Code   RO         1067    .ARM.Collect$$libinit$$0000002C  c_w.l(libinit2.o)
    0x0000030c   0x0000030c   0x00000000   Code   RO         1069    .ARM.Collect$$libinit$$0000002E  c_w.l(libinit2.o)
    0x0000030c   0x0000030c   0x00000000   Code   RO         1071    .ARM.Collect$$libinit$$00000030  c_w.l(libinit2.o)
    0x0000030c   0x0000030c   0x00000000   Code   RO         1073    .ARM.Collect$$libinit$$00000032  c_w.l(libinit2.o)
    0x0000030c   0x0000030c   0x00000002   Code   RO         1074    .ARM.Collect$$libinit$$00000033  c_w.l(libinit2.o)
    0x0000030e   0x0000030e   0x00000002   Code   RO         1094    .ARM.Collect$$libshutdown$$00000000  c_w.l(libshutdown.o)
    0x00000310   0x00000310   0x00000000   Code   RO         1107    .ARM.Collect$$libshutdown$$00000002  c_w.l(libshutdown2.o)
    0x00000310   0x00000310   0x00000000   Code   RO         1109    .ARM.Collect$$libshutdown$$00000004  c_w.l(libshutdown2.o)
    0x00000310   0x00000310   0x00000000   Code   RO         1112    .ARM.Collect$$libshutdown$$00000007  c_w.l(libshutdown2.o)
    0x00000310   0x00000310   0x00000000   Code   RO         1115    .ARM.Collect$$libshutdown$$0000000A  c_w.l(libshutdown2.o)
    0x00000310   0x00000310   0x00000000   Code   RO         1117    .ARM.Collect$$libshutdown$$0000000C  c_w.l(libshutdown2.o)
    0x00000310   0x00000310   0x00000000   Code   RO         1120    .ARM.Collect$$libshutdown$$0000000F  c_w.l(libshutdown2.o)
    0x00000310   0x00000310   0x00000002   Code   RO         1121    .ARM.Collect$$libshutdown$$00000010  c_w.l(libshutdown2.o)
    0x00000312   0x00000312   0x00000000   Code   RO          970    .ARM.Collect$$rtentry$$00000000  c_w.l(__rtentry.o)
    0x00000312   0x00000312   0x00000000   Code   RO          984    .ARM.Collect$$rtentry$$00000002  c_w.l(__rtentry2.o)
    0x00000312   0x00000312   0x00000006   Code   RO          996    .ARM.Collect$$rtentry$$00000004  c_w.l(__rtentry4.o)
    0x00000318   0x00000318   0x00000000   Code   RO          986    .ARM.Collect$$rtentry$$00000009  c_w.l(__rtentry2.o)
    0x00000318   0x00000318   0x00000004   Code   RO          987    .ARM.Collect$$rtentry$$0000000A  c_w.l(__rtentry2.o)
    0x0000031c   0x0000031c   0x00000000   Code   RO          989    .ARM.Collect$$rtentry$$0000000C  c_w.l(__rtentry2.o)
    0x0000031c   0x0000031c   0x00000008   Code   RO          990    .ARM.Collect$$rtentry$$0000000D  c_w.l(__rtentry2.o)
    0x00000324   0x00000324   0x00000002   Code   RO         1026    .ARM.Collect$$rtexit$$00000000  c_w.l(rtexit.o)
    0x00000326   0x00000326   0x00000000   Code   RO         1076    .ARM.Collect$$rtexit$$00000002  c_w.l(rtexit2.o)
    0x00000326   0x00000326   0x00000004   Code   RO         1077    .ARM.Collect$$rtexit$$00000003  c_w.l(rtexit2.o)
    0x0000032a   0x0000032a   0x00000006   Code   RO         1078    .ARM.Collect$$rtexit$$00000004  c_w.l(rtexit2.o)
    0x00000330   0x00000330   0x00000006   Code   RO          929    .emb_text           cortexm.o
    0x00000336   0x00000336   0x00000002   PAD
    0x00000338   0x00000338   0x00000030   Code   RO          868    .text               startup.o
    0x00000368   0x00000368   0x0000001a   Code   RO          959    .text               c_w.l(atoi.o)
    0x00000382   0x00000382   0x00000002   PAD
    0x00000384   0x00000384   0x0000000c   Code   RO          961    .text               c_w.l(strtok.o)
    0x00000390   0x00000390   0x00000048   Code   RO          964    .text               c_w.l(strcpy.o)
    0x000003d8   0x000003d8   0x00000006   Code   RO          966    .text               c_w.l(heapauxi.o)
    0x000003de   0x000003de   0x00000002   PAD
    0x000003e0   0x000003e0   0x00000008   Code   RO          974    .text               c_w.l(rt_errno_addr_intlibspace.o)
    0x000003e8   0x000003e8   0x00000070   Code   RO          976    .text               c_w.l(strtol.o)
    0x00000458   0x00000458   0x00000044   Code   RO          978    .text               c_w.l(strtok_int.o)
    0x0000049c   0x0000049c   0x00000008   Code   RO          980    .text               c_w.l(libspace.o)
    0x000004a4   0x000004a4   0x00000010   Code   RO          998    .text               c_w.l(rt_ctype_table.o)
    0x000004b4   0x000004b4   0x0000009e   Code   RO         1000    .text               c_w.l(_strtoul.o)
    0x00000552   0x00000552   0x00000020   Code   RO         1002    .text               c_w.l(strcspn.o)
    0x00000572   0x00000572   0x0000001c   Code   RO         1004    .text               c_w.l(strspn.o)
    0x0000058e   0x0000058e   0x0000004a   Code   RO         1006    .text               c_w.l(sys_stackheap_outer.o)
    0x000005d8   0x000005d8   0x00000008   Code   RO         1011    .text               c_w.l(rt_locale_intlibspace.o)
    0x000005e0   0x000005e0   0x0000001c   Code   RO         1013    .text               c_w.l(_chval.o)
    0x000005fc   0x000005fc   0x00000012   Code   RO         1018    .text               c_w.l(exit.o)
    0x0000060e   0x0000060e   0x00000002   PAD
    0x00000610   0x00000610   0x00000080   Code   RO         1028    .text               c_w.l(strcmpv7m.o)
    0x00000690   0x00000690   0x0000000c   Code   RO         1086    .text               c_w.l(sys_exit.o)
    0x0000069c   0x0000069c   0x00000002   Code   RO         1097    .text               c_w.l(use_no_semi.o)
    0x0000069e   0x0000069e   0x00000000   Code   RO         1099    .text               c_w.l(indicate_semi.o)
    0x0000069e   0x0000069e   0x00000002   PAD
    0x000006a0   0x000006a0   0x00000118   Code   RO            1    i.Blynk_to_TM4C     blynk.o
    0x000007b8   0x000007b8   0x00000016   Code   RO          930    i.Clock_Delay1ms    cortexm.o
    0x000007ce   0x000007ce   0x00000014   Code   RO           70    i.CloseLatch        latch.o
    0x000007e2   0x000007e2   0x00000020   Code   RO          115    i.DelayMs           esp8266.o
    0x00000802   0x00000802   0x00000002   PAD
    0x00000804   0x00000804   0x00000050   Code   RO          117    i.ESP8266_GetMessage  esp8266.o
    0x00000854   0x00000854   0x00000088   Code   RO          118    i.ESP8266_Init      esp8266.o
    0x000008dc   0x000008dc   0x00000034   Code   RO          119    i.ESP8266_OutChar   esp8266.o
    0x00000910   0x00000910   0x00000018   Code   RO          120    i.ESP8266_OutString  esp8266.o
    0x00000928   0x00000928   0x0000002a   Code   RO          121    i.ESP8266_OutUDec   esp8266.o
    0x00000952   0x00000952   0x00000002   PAD
    0x00000954   0x00000954   0x000000f8   Code   RO          122    i.ESP8266_Reset     esp8266.o
    0x00000a4c   0x00000a4c   0x00000178   Code   RO          123    i.ESP8266_SetupWiFi  esp8266.o
    0x00000bc4   0x00000bc4   0x00000018   Code   RO           71    i.LatchInit         latch.o
    0x00000bdc   0x00000bdc   0x00000014   Code   RO           72    i.OpenLatch         latch.o
    0x00000bf0   0x00000bf0   0x0000007c   Code   RO          554    i.PLL_Init          pll.o
    0x00000c6c   0x00000c6c   0x0000000c   Code   RO          875    i.PWM0A_Duty        pwm.o
    0x00000c78   0x00000c78   0x000000b8   Code   RO          876    i.PWM0A_Init        pwm.o
    0x00000d30   0x00000d30   0x0000005c   Code   RO          566    i.PortF_Init        portf.o
    0x00000d8c   0x00000d8c   0x00000010   Code   RO          567    i.PortF_Input       portf.o
    0x00000d9c   0x00000d9c   0x0000000c   Code   RO          568    i.PortF_Output      portf.o
    0x00000da8   0x00000da8   0x0000002c   Code   RO          124    i.Rx5Fifo_Init      esp8266.o
    0x00000dd4   0x00000dd4   0x000000d0   Code   RO          125    i.Rx5Fifo_Put       esp8266.o
    0x00000ea4   0x00000ea4   0x00000014   Code   RO          126    i.Rx5Fifo_Size      esp8266.o
    0x00000eb8   0x00000eb8   0x00000024   Code   RO          714    i.RxFifo_Init       uart.o
    0x00000edc   0x00000edc   0x0000003c   Code   RO          715    i.RxFifo_Put        uart.o
    0x00000f18   0x00000f18   0x00000014   Code   RO          716    i.RxFifo_Size       uart.o
    0x00000f2c   0x00000f2c   0x00000030   Code   RO            2    i.SendInformation   blynk.o
    0x00000f5c   0x00000f5c   0x0000003c   Code   RO            3    i.TM4C_to_Blynk     blynk.o
    0x00000f98   0x00000f98   0x00000018   Code   RO          590    i.Timer0A_Handler   timer0a.o
    0x00000fb0   0x00000fb0   0x00000018   Code   RO          617    i.Timer2A_Handler   timer2.o
    0x00000fc8   0x00000fc8   0x00000060   Code   RO          618    i.Timer2_Init       timer2.o
    0x00001028   0x00001028   0x00000018   Code   RO          638    i.Timer3A_Handler   timer3.o
    0x00001040   0x00001040   0x0000005c   Code   RO          639    i.Timer3_Init       timer3.o
    0x0000109c   0x0000109c   0x00000018   Code   RO          659    i.Timer4A_Handler   timer4a.o
    0x000010b4   0x000010b4   0x00000018   Code   RO          686    i.Timer5A_Handler   timer5a.o
    0x000010cc   0x000010cc   0x00000038   Code   RO          127    i.Tx5Fifo_Get       esp8266.o
    0x00001104   0x00001104   0x00000024   Code   RO          128    i.Tx5Fifo_Init      esp8266.o
    0x00001128   0x00001128   0x0000003c   Code   RO          129    i.Tx5Fifo_Put       esp8266.o
    0x00001164   0x00001164   0x00000014   Code   RO          130    i.Tx5Fifo_Size      esp8266.o
    0x00001178   0x00001178   0x0000003c   Code   RO          717    i.TxFifo_Get        uart.o
    0x000011b4   0x000011b4   0x00000024   Code   RO          718    i.TxFifo_Init       uart.o
    0x000011d8   0x000011d8   0x0000003c   Code   RO          719    i.TxFifo_Put        uart.o
    0x00001214   0x00001214   0x00000014   Code   RO          720    i.TxFifo_Size       uart.o
    0x00001228   0x00001228   0x00000058   Code   RO          721    i.UART0_Handler     uart.o
    0x00001280   0x00001280   0x00000058   Code   RO          131    i.UART5_Handler     esp8266.o
    0x000012d8   0x000012d8   0x000000d8   Code   RO          132    i.UART5_Init        esp8266.o
    0x000013b0   0x000013b0   0x000000cc   Code   RO          727    i.UART_Init         uart.o
    0x0000147c   0x0000147c   0x00000034   Code   RO          728    i.UART_OutChar      uart.o
    0x000014b0   0x000014b0   0x00000018   Code   RO          729    i.UART_OutString    uart.o
    0x000014c8   0x000014c8   0x00000028   Code   RO          732    i.copyHardwareToSoftware  uart.o
    0x000014f0   0x000014f0   0x00000028   Code   RO          133    i.copyHardwareToSoftware5  esp8266.o
    0x00001518   0x00001518   0x0000002c   Code   RO          733    i.copySoftwareToHardware  uart.o
    0x00001544   0x00001544   0x0000002c   Code   RO          134    i.copySoftwareToHardware5  esp8266.o
    0x00001570   0x00001570   0x00000078   Code   RO          847    i.main              safebox.o
    0x000015e8   0x000015e8   0x0000002c   Code   RO         1016    locale$$code        c_w.l(lc_ctype_c.o)
    0x00001614   0x00001614   0x00000020   Data   RO         1152    Region$$Table       anon$$obj.o
    0x00001634   0x00001634   0x00000110   Data   RO         1015    locale$$data        c_w.l(lc_ctype_c.o)


    Execution Region RW_IRAM1 (Exec base: 0x20000000, Load base: 0x00001744, Size: 0x00000940, Max: 0x00008000, ABSOLUTE)

    Exec Addr    Load Addr    Size         Type   Attr      Idx    E Section Name        Object

    0x20000000   0x00001744   0x00000024   Data   RW            5    .data               blynk.o
    0x20000024   0x00001768   0x00000094   Data   RW          136    .data               esp8266.o
    0x200000b8   0x000017fc   0x00000004   Data   RW          593    .data               timer0a.o
    0x200000bc   0x00001800   0x00000004   Data   RW          619    .data               timer2.o
    0x200000c0   0x00001804   0x00000004   Data   RW          640    .data               timer3.o
    0x200000c4   0x00001808   0x00000004   Data   RW          662    .data               timer4a.o
    0x200000c8   0x0000180c   0x00000004   Data   RW          689    .data               timer5a.o
    0x200000cc   0x00001810   0x00000010   Data   RW          735    .data               uart.o
    0x200000dc   0x00001820   0x00000004   Data   RW          962    .data               c_w.l(strtok.o)
    0x200000e0        -       0x00000040   Zero   RW            4    .bss                blynk.o
    0x20000120        -       0x00000340   Zero   RW          135    .bss                esp8266.o
    0x20000460        -       0x00000080   Zero   RW          734    .bss                uart.o
    0x200004e0        -       0x00000060   Zero   RW          981    .bss                c_w.l(libspace.o)
    0x20000540        -       0x00000000   Zero   RW          866    HEAP                startup.o
    0x20000540        -       0x00000400   Zero   RW          865    STACK               startup.o


==============================================================================

Image component sizes


      Code (inc. data)   RO Data    RW Data    ZI Data      Debug   Object Name

       388        112          0         36         64       7602   blynk.o
        28          0          0          0          0        933   cortexm.o
      1822        534          0        148        832      12168   esp8266.o
        64          0          0          0          0       1433   latch.o
       124          4          0          0          0        523   pll.o
       120         30          0          0          0       2010   portf.o
       196         28          0          0          0       1058   pwm.o
       120         50          0          0          0        523   safebox.o
       692        632          0          0       1024       1124   startup.o
        24          8          0          4          0       1546   timer0a.o
       120         30          0          4          0       1840   timer2.o
       116         28          0          4          0       1840   timer3.o
        24          8          0          4          0       1274   timer4a.o
        24          8          0          4          0       1274   timer5a.o
       744        120          0         16        128       8433   uart.o

    ----------------------------------------------------------------------
      4612       1592         32        220       2048      43581   Object Totals
         0          0         32          0          0          0   (incl. Generated)
         6          0          0          0          0          0   (incl. Padding)

    ----------------------------------------------------------------------

      Code (inc. data)   RO Data    RW Data    ZI Data      Debug   Library Member Name

         8          0          0          0          0         68   __main.o
         0          0          0          0          0          0   __rtentry.o
        12          0          0          0          0          0   __rtentry2.o
         6          0          0          0          0          0   __rtentry4.o
        52          8          0          0          0          0   __scatter.o
        26          0          0          0          0          0   __scatter_copy.o
        28          0          0          0          0          0   __scatter_zi.o
        28          0          0          0          0         68   _chval.o
       158          0          0          0          0         92   _strtoul.o
        26          0          0          0          0         80   atoi.o
        18          0          0          0          0         80   exit.o
         6          0          0          0          0        152   heapauxi.o
         0          0          0          0          0          0   indicate_semi.o
        44         10        272          0          0         76   lc_ctype_c.o
         2          0          0          0          0          0   libinit.o
        20          0          0          0          0          0   libinit2.o
         2          0          0          0          0          0   libshutdown.o
         2          0          0          0          0          0   libshutdown2.o
         8          4          0          0         96         68   libspace.o
        16          4          0          0          0         76   rt_ctype_table.o
         8          4          0          0          0         68   rt_errno_addr_intlibspace.o
         8          4          0          0          0         68   rt_locale_intlibspace.o
         2          0          0          0          0          0   rtexit.o
        10          0          0          0          0          0   rtexit2.o
       128          0          0          0          0         68   strcmpv7m.o
        72          0          0          0          0         80   strcpy.o
        32          0          0          0          0         80   strcspn.o
        28          0          0          0          0         80   strspn.o
        12          6          0          4          0         68   strtok.o
        68          4          0          0          0         84   strtok_int.o
       112          0          0          0          0         88   strtol.o
        12          4          0          0          0         68   sys_exit.o
        74          0          0          0          0         80   sys_stackheap_outer.o
         2          0          0          0          0         68   use_no_semi.o

    ----------------------------------------------------------------------
      1040         48        272          4         96       1660   Library Totals
        10          0          0          0          0          0   (incl. Padding)

    ----------------------------------------------------------------------

      Code (inc. data)   RO Data    RW Data    ZI Data      Debug   Library Name

      1030         48        272          4         96       1660   c_w.l

    ----------------------------------------------------------------------
      1040         48        272          4         96       1660   Library Totals

    ----------------------------------------------------------------------

==============================================================================


      Code (inc. data)   RO Data    RW Data    ZI Data      Debug   

      5652       1640        304        224       2144      41805   Grand Totals
      5652       1640        304        224       2144      41805   ELF Image Totals
      5652       1640        304        224          0          0   ROM Totals

==============================================================================

    Total RO  Size (Code + RO Data)                 5956 (   5.82kB)
    Total RW  Size (RW Data + ZI Data)              2368 (   2.31kB)
    Total ROM Size (Code + RO Data + RW Data)       6180 (   6.04kB)

==============================================================================

